TimeQuest Timing Analyzer report for ctrlu
Thu Nov 07 16:30:49 2024
Quartus II 64-Bit Version 13.0.1 Build 232 06/12/2013 Service Pack 1 SJ Web Edition


---------------------
; Table of Contents ;
---------------------
  1. Legal Notice
  2. TimeQuest Timing Analyzer Summary
  3. Parallel Compilation
  4. Clocks
  5. Slow Model Fmax Summary
  6. Slow Model Setup Summary
  7. Slow Model Hold Summary
  8. Slow Model Recovery Summary
  9. Slow Model Removal Summary
 10. Slow Model Minimum Pulse Width Summary
 11. Propagation Delay
 12. Minimum Propagation Delay
 13. Fast Model Setup Summary
 14. Fast Model Hold Summary
 15. Fast Model Recovery Summary
 16. Fast Model Removal Summary
 17. Fast Model Minimum Pulse Width Summary
 18. Propagation Delay
 19. Minimum Propagation Delay
 20. Multicorner Timing Analysis Summary
 21. Progagation Delay
 22. Minimum Progagation Delay
 23. Clock Transfers
 24. Report TCCS
 25. Report RSKM
 26. Unconstrained Paths
 27. TimeQuest Timing Analyzer Messages



----------------
; Legal Notice ;
----------------
Copyright (C) 1991-2013 Altera Corporation
Your use of Altera Corporation's design tools, logic functions 
and other software and tools, and its AMPP partner logic 
functions, and any output files from any of the foregoing 
(including device programming or simulation files), and any 
associated documentation or information are expressly subject 
to the terms and conditions of the Altera Program License 
Subscription Agreement, Altera MegaCore Function License 
Agreement, or other applicable license agreement, including, 
without limitation, that your use is for the sole purpose of 
programming logic devices manufactured by Altera and sold by 
Altera or its authorized distributors.  Please refer to the 
applicable agreement for further details.



+----------------------------------------------------------------------------------------+
; TimeQuest Timing Analyzer Summary                                                      ;
+--------------------+-------------------------------------------------------------------+
; Quartus II Version ; Version 13.0.1 Build 232 06/12/2013 Service Pack 1 SJ Web Edition ;
; Revision Name      ; ctrlu                                                             ;
; Device Family      ; Cyclone II                                                        ;
; Device Name        ; EP2C5T144C6                                                       ;
; Timing Models      ; Final                                                             ;
; Delay Model        ; Combined                                                          ;
; Rise/Fall Delays   ; Unavailable                                                       ;
+--------------------+-------------------------------------------------------------------+


Parallel compilation was disabled, but you have multiple processors available. Enable parallel compilation to reduce compilation time.
+-------------------------------------+
; Parallel Compilation                ;
+----------------------------+--------+
; Processors                 ; Number ;
+----------------------------+--------+
; Number detected on machine ; 8      ;
; Maximum allowed            ; 1      ;
+----------------------------+--------+


----------
; Clocks ;
----------
No clocks to report.


---------------------------
; Slow Model Fmax Summary ;
---------------------------
No paths to report.


----------------------------
; Slow Model Setup Summary ;
----------------------------
No paths to report.


---------------------------
; Slow Model Hold Summary ;
---------------------------
No paths to report.


-------------------------------
; Slow Model Recovery Summary ;
-------------------------------
No paths to report.


------------------------------
; Slow Model Removal Summary ;
------------------------------
No paths to report.


------------------------------------------
; Slow Model Minimum Pulse Width Summary ;
------------------------------------------
No paths to report.


+---------------------------------------------------------------+
; Propagation Delay                                             ;
+-------------+-------------+--------+--------+--------+--------+
; Input Port  ; Output Port ; RR     ; RF     ; FR     ; FF     ;
+-------------+-------------+--------+--------+--------+--------+
; i_br_equal  ; o_pc_sel    ; 12.178 ; 12.178 ; 12.178 ; 12.178 ;
; i_br_less   ; o_pc_sel    ; 12.159 ; 12.159 ; 12.159 ; 12.159 ;
; i_instr[0]  ; o_alu_op[0] ; 12.361 ;        ;        ; 12.361 ;
; i_instr[0]  ; o_alu_op[1] ; 11.391 ;        ;        ; 11.391 ;
; i_instr[0]  ; o_alu_op[2] ; 12.269 ;        ;        ; 12.269 ;
; i_instr[0]  ; o_alu_op[3] ; 11.818 ;        ;        ; 11.818 ;
; i_instr[0]  ; o_br_un     ; 11.372 ;        ;        ; 11.372 ;
; i_instr[0]  ; o_insn_vld  ; 11.759 ;        ;        ; 11.759 ;
; i_instr[0]  ; o_mem_wren  ; 11.874 ;        ;        ; 11.874 ;
; i_instr[0]  ; o_opa_sel   ; 11.510 ;        ;        ; 11.510 ;
; i_instr[0]  ; o_opb_sel   ; 12.708 ;        ;        ; 12.708 ;
; i_instr[0]  ; o_pc_sel    ; 10.293 ;        ;        ; 10.293 ;
; i_instr[0]  ; o_pc_wren   ; 12.094 ;        ;        ; 12.094 ;
; i_instr[0]  ; o_rd_wren   ; 10.719 ;        ;        ; 10.719 ;
; i_instr[0]  ; o_wb_sel[0] ; 11.508 ;        ;        ; 11.508 ;
; i_instr[0]  ; o_wb_sel[1] ; 10.706 ;        ;        ; 10.706 ;
; i_instr[1]  ; o_alu_op[0] ; 12.141 ;        ;        ; 12.141 ;
; i_instr[1]  ; o_alu_op[1] ; 11.171 ;        ;        ; 11.171 ;
; i_instr[1]  ; o_alu_op[2] ; 12.049 ;        ;        ; 12.049 ;
; i_instr[1]  ; o_alu_op[3] ; 11.598 ;        ;        ; 11.598 ;
; i_instr[1]  ; o_br_un     ; 11.152 ;        ;        ; 11.152 ;
; i_instr[1]  ; o_insn_vld  ; 11.539 ;        ;        ; 11.539 ;
; i_instr[1]  ; o_mem_wren  ; 11.654 ;        ;        ; 11.654 ;
; i_instr[1]  ; o_opa_sel   ; 11.283 ;        ;        ; 11.283 ;
; i_instr[1]  ; o_opb_sel   ; 12.488 ;        ;        ; 12.488 ;
; i_instr[1]  ; o_pc_sel    ; 10.072 ;        ;        ; 10.072 ;
; i_instr[1]  ; o_pc_wren   ; 11.874 ;        ;        ; 11.874 ;
; i_instr[1]  ; o_rd_wren   ; 10.492 ;        ;        ; 10.492 ;
; i_instr[1]  ; o_wb_sel[0] ; 11.281 ;        ;        ; 11.281 ;
; i_instr[1]  ; o_wb_sel[1] ; 10.479 ;        ;        ; 10.479 ;
; i_instr[2]  ; o_alu_op[0] ; 10.633 ; 10.767 ; 10.767 ; 10.633 ;
; i_instr[2]  ; o_alu_op[1] ; 10.850 ; 10.850 ; 10.850 ; 10.850 ;
; i_instr[2]  ; o_alu_op[2] ; 10.838 ; 10.957 ; 10.957 ; 10.838 ;
; i_instr[2]  ; o_alu_op[3] ; 10.544 ; 10.385 ; 10.385 ; 10.544 ;
; i_instr[2]  ; o_br_un     ;        ; 10.396 ; 10.396 ;        ;
; i_instr[2]  ; o_insn_vld  ; 11.950 ; 11.950 ; 11.950 ; 11.950 ;
; i_instr[2]  ; o_mem_wren  ;        ; 10.898 ; 10.898 ;        ;
; i_instr[2]  ; o_opa_sel   ; 11.465 ; 11.130 ; 11.130 ; 11.465 ;
; i_instr[2]  ; o_opb_sel   ;        ; 10.434 ; 10.434 ;        ;
; i_instr[2]  ; o_pc_sel    ; 10.872 ;        ;        ; 10.872 ;
; i_instr[2]  ; o_pc_wren   ; 12.285 ; 12.285 ; 12.285 ; 12.285 ;
; i_instr[2]  ; o_rd_wren   ; 10.924 ; 10.858 ; 10.858 ; 10.924 ;
; i_instr[2]  ; o_wb_sel[0] ; 11.463 ; 11.143 ; 11.143 ; 11.463 ;
; i_instr[2]  ; o_wb_sel[1] ; 10.914 ;        ;        ; 10.914 ;
; i_instr[3]  ; o_alu_op[0] ;        ; 12.509 ; 12.509 ;        ;
; i_instr[3]  ; o_alu_op[1] ;        ; 11.539 ; 11.539 ;        ;
; i_instr[3]  ; o_alu_op[2] ;        ; 12.417 ; 12.417 ;        ;
; i_instr[3]  ; o_alu_op[3] ;        ; 11.966 ; 11.966 ;        ;
; i_instr[3]  ; o_br_un     ;        ; 11.520 ; 11.520 ;        ;
; i_instr[3]  ; o_insn_vld  ; 12.048 ; 11.907 ; 11.907 ; 12.048 ;
; i_instr[3]  ; o_mem_wren  ;        ; 12.022 ; 12.022 ;        ;
; i_instr[3]  ; o_opa_sel   ; 11.597 ; 10.867 ; 10.867 ; 11.597 ;
; i_instr[3]  ; o_opb_sel   ;        ; 12.856 ; 12.856 ;        ;
; i_instr[3]  ; o_pc_sel    ;        ; 11.016 ; 11.016 ;        ;
; i_instr[3]  ; o_pc_wren   ; 12.383 ; 12.242 ; 12.242 ; 12.383 ;
; i_instr[3]  ; o_rd_wren   ; 11.056 ; 10.353 ; 10.353 ; 11.056 ;
; i_instr[3]  ; o_wb_sel[0] ; 11.595 ; 10.866 ; 10.866 ; 11.595 ;
; i_instr[3]  ; o_wb_sel[1] ; 11.046 ; 10.343 ; 10.343 ; 11.046 ;
; i_instr[4]  ; o_alu_op[0] ; 11.252 ;        ;        ; 11.252 ;
; i_instr[4]  ; o_alu_op[1] ; 10.291 ;        ;        ; 10.291 ;
; i_instr[4]  ; o_alu_op[2] ; 11.160 ;        ;        ; 11.160 ;
; i_instr[4]  ; o_alu_op[3] ; 10.709 ;        ;        ; 10.709 ;
; i_instr[4]  ; o_br_un     ;        ; 10.622 ; 10.622 ;        ;
; i_instr[4]  ; o_insn_vld  ; 11.462 ; 12.864 ; 12.864 ; 11.462 ;
; i_instr[4]  ; o_mem_wren  ;        ; 11.124 ; 11.124 ;        ;
; i_instr[4]  ; o_opa_sel   ; 11.446 ; 12.413 ; 12.413 ; 11.446 ;
; i_instr[4]  ; o_opb_sel   ; 11.599 ;        ;        ; 11.599 ;
; i_instr[4]  ; o_pc_sel    ;        ; 11.155 ; 11.155 ;        ;
; i_instr[4]  ; o_pc_wren   ; 11.797 ; 13.199 ; 13.199 ; 11.797 ;
; i_instr[4]  ; o_rd_wren   ; 11.201 ; 11.872 ; 11.872 ; 11.201 ;
; i_instr[4]  ; o_wb_sel[0] ; 11.483 ; 12.411 ; 12.411 ; 11.483 ;
; i_instr[4]  ; o_wb_sel[1] ; 11.161 ; 11.862 ; 11.862 ; 11.161 ;
; i_instr[5]  ; o_alu_op[0] ; 10.515 ; 11.502 ; 11.502 ; 10.515 ;
; i_instr[5]  ; o_alu_op[1] ; 10.426 ; 10.426 ; 10.426 ; 10.426 ;
; i_instr[5]  ; o_alu_op[2] ; 10.720 ; 11.743 ; 11.743 ; 10.720 ;
; i_instr[5]  ; o_alu_op[3] ; 10.426 ;        ;        ; 10.426 ;
; i_instr[5]  ; o_br_un     ; 10.243 ;        ;        ; 10.243 ;
; i_instr[5]  ; o_insn_vld  ; 12.702 ; 11.568 ; 11.568 ; 12.702 ;
; i_instr[5]  ; o_mem_wren  ; 10.745 ;        ;        ; 10.745 ;
; i_instr[5]  ; o_opa_sel   ; 12.251 ;        ;        ; 12.251 ;
; i_instr[5]  ; o_opb_sel   ; 10.308 ;        ;        ; 10.308 ;
; i_instr[5]  ; o_pc_sel    ; 10.993 ;        ;        ; 10.993 ;
; i_instr[5]  ; o_pc_wren   ; 13.037 ; 11.903 ; 11.903 ; 13.037 ;
; i_instr[5]  ; o_rd_wren   ; 11.710 ; 11.002 ; 11.002 ; 11.710 ;
; i_instr[5]  ; o_wb_sel[0] ; 12.249 ; 11.271 ; 11.271 ; 12.249 ;
; i_instr[5]  ; o_wb_sel[1] ; 11.700 ;        ;        ; 11.700 ;
; i_instr[6]  ; o_alu_op[0] ;        ; 11.404 ; 11.404 ;        ;
; i_instr[6]  ; o_alu_op[1] ;        ; 10.182 ; 10.182 ;        ;
; i_instr[6]  ; o_alu_op[2] ;        ; 11.312 ; 11.312 ;        ;
; i_instr[6]  ; o_alu_op[3] ;        ; 10.861 ; 10.861 ;        ;
; i_instr[6]  ; o_br_un     ; 10.031 ;        ;        ; 10.031 ;
; i_instr[6]  ; o_insn_vld  ; 12.817 ; 12.256 ; 12.256 ; 12.817 ;
; i_instr[6]  ; o_mem_wren  ;        ; 10.225 ; 10.225 ;        ;
; i_instr[6]  ; o_opa_sel   ; 12.366 ; 11.384 ; 11.384 ; 12.366 ;
; i_instr[6]  ; o_opb_sel   ;        ; 11.751 ; 11.751 ;        ;
; i_instr[6]  ; o_pc_sel    ; 11.108 ;        ;        ; 11.108 ;
; i_instr[6]  ; o_pc_wren   ; 13.152 ; 12.591 ; 12.591 ; 13.152 ;
; i_instr[6]  ; o_rd_wren   ; 11.825 ; 11.115 ; 11.115 ; 11.825 ;
; i_instr[6]  ; o_wb_sel[0] ; 12.364 ; 11.402 ; 11.402 ; 12.364 ;
; i_instr[6]  ; o_wb_sel[1] ; 11.815 ; 11.101 ; 11.101 ; 11.815 ;
; i_instr[12] ; o_alu_op[0] ; 10.291 ;        ;        ; 10.291 ;
; i_instr[12] ; o_alu_op[2] ; 11.176 ; 12.070 ; 12.070 ; 11.176 ;
; i_instr[12] ; o_alu_op[3] ; 10.901 ; 10.901 ; 10.901 ; 10.901 ;
; i_instr[12] ; o_insn_vld  ; 11.238 ; 11.895 ; 11.895 ; 11.238 ;
; i_instr[12] ; o_pc_sel    ; 12.521 ; 12.521 ; 12.521 ; 12.521 ;
; i_instr[12] ; o_pc_wren   ; 11.573 ; 12.230 ; 12.230 ; 11.573 ;
; i_instr[13] ; o_alu_op[0] ; 11.413 ; 11.387 ; 11.387 ; 11.413 ;
; i_instr[13] ; o_alu_op[1] ; 10.747 ;        ;        ; 10.747 ;
; i_instr[13] ; o_alu_op[2] ; 12.064 ; 11.593 ; 11.593 ; 12.064 ;
; i_instr[13] ; o_alu_op[3] ;        ; 10.443 ; 10.443 ;        ;
; i_instr[13] ; o_br_un     ;        ; 9.489  ; 9.489  ;        ;
; i_instr[13] ; o_insn_vld  ; 11.889 ; 11.848 ; 11.848 ; 11.889 ;
; i_instr[13] ; o_pc_sel    ; 11.945 ; 12.135 ; 12.135 ; 11.945 ;
; i_instr[13] ; o_pc_wren   ; 12.224 ; 12.183 ; 12.183 ; 12.224 ;
; i_instr[14] ; o_alu_op[0] ; 10.940 ;        ;        ; 10.940 ;
; i_instr[14] ; o_alu_op[2] ; 11.112 ;        ;        ; 11.112 ;
; i_instr[14] ; o_alu_op[3] ; 10.557 ; 10.557 ; 10.557 ; 10.557 ;
; i_instr[14] ; o_br_un     ; 9.612  ;        ;        ; 9.612  ;
; i_instr[14] ; o_insn_vld  ; 11.833 ; 11.833 ; 11.833 ; 11.833 ;
; i_instr[14] ; o_pc_sel    ; 12.175 ; 12.175 ; 12.175 ; 12.175 ;
; i_instr[14] ; o_pc_wren   ; 12.168 ; 12.168 ; 12.168 ; 12.168 ;
; i_instr[25] ; o_alu_op[0] ;        ; 9.555  ; 9.555  ;        ;
; i_instr[25] ; o_alu_op[1] ;        ; 9.020  ; 9.020  ;        ;
; i_instr[25] ; o_alu_op[2] ;        ; 9.755  ; 9.755  ;        ;
; i_instr[25] ; o_alu_op[3] ;        ; 8.605  ; 8.605  ;        ;
; i_instr[25] ; o_insn_vld  ;        ; 8.604  ; 8.604  ;        ;
; i_instr[25] ; o_pc_wren   ;        ; 8.939  ; 8.939  ;        ;
; i_instr[26] ; o_alu_op[0] ;        ; 9.566  ; 9.566  ;        ;
; i_instr[26] ; o_alu_op[1] ;        ; 9.031  ; 9.031  ;        ;
; i_instr[26] ; o_alu_op[2] ;        ; 9.766  ; 9.766  ;        ;
; i_instr[26] ; o_alu_op[3] ;        ; 8.616  ; 8.616  ;        ;
; i_instr[26] ; o_insn_vld  ;        ; 8.615  ; 8.615  ;        ;
; i_instr[26] ; o_pc_wren   ;        ; 8.950  ; 8.950  ;        ;
; i_instr[27] ; o_alu_op[0] ;        ; 9.402  ; 9.402  ;        ;
; i_instr[27] ; o_alu_op[1] ;        ; 8.867  ; 8.867  ;        ;
; i_instr[27] ; o_alu_op[2] ;        ; 9.602  ; 9.602  ;        ;
; i_instr[27] ; o_alu_op[3] ;        ; 8.452  ; 8.452  ;        ;
; i_instr[27] ; o_insn_vld  ;        ; 8.451  ; 8.451  ;        ;
; i_instr[27] ; o_pc_wren   ;        ; 8.786  ; 8.786  ;        ;
; i_instr[28] ; o_alu_op[0] ;        ; 13.814 ; 13.814 ;        ;
; i_instr[28] ; o_alu_op[1] ;        ; 13.279 ; 13.279 ;        ;
; i_instr[28] ; o_alu_op[2] ;        ; 14.014 ; 14.014 ;        ;
; i_instr[28] ; o_alu_op[3] ;        ; 12.864 ; 12.864 ;        ;
; i_instr[28] ; o_insn_vld  ;        ; 12.863 ; 12.863 ;        ;
; i_instr[28] ; o_pc_wren   ;        ; 13.198 ; 13.198 ;        ;
; i_instr[29] ; o_alu_op[0] ;        ; 12.840 ; 12.840 ;        ;
; i_instr[29] ; o_alu_op[1] ;        ; 12.305 ; 12.305 ;        ;
; i_instr[29] ; o_alu_op[2] ;        ; 13.041 ; 13.041 ;        ;
; i_instr[29] ; o_alu_op[3] ;        ; 11.891 ; 11.891 ;        ;
; i_instr[29] ; o_insn_vld  ;        ; 11.890 ; 11.890 ;        ;
; i_instr[29] ; o_pc_wren   ;        ; 12.225 ; 12.225 ;        ;
; i_instr[30] ; o_alu_op[0] ; 9.058  ; 9.063  ; 9.063  ; 9.058  ;
; i_instr[30] ; o_alu_op[1] ;        ; 8.528  ; 8.528  ;        ;
; i_instr[30] ; o_alu_op[2] ; 9.264  ; 8.551  ; 8.551  ; 9.264  ;
; i_instr[30] ; o_alu_op[3] ; 8.114  ;        ;        ; 8.114  ;
; i_instr[30] ; o_insn_vld  ; 8.113  ; 7.949  ; 7.949  ; 8.113  ;
; i_instr[30] ; o_pc_wren   ; 8.448  ; 8.284  ; 8.284  ; 8.448  ;
; i_instr[31] ; o_alu_op[0] ;        ; 13.514 ; 13.514 ;        ;
; i_instr[31] ; o_alu_op[1] ;        ; 12.979 ; 12.979 ;        ;
; i_instr[31] ; o_alu_op[2] ;        ; 13.715 ; 13.715 ;        ;
; i_instr[31] ; o_alu_op[3] ;        ; 12.565 ; 12.565 ;        ;
; i_instr[31] ; o_insn_vld  ;        ; 12.564 ; 12.564 ;        ;
; i_instr[31] ; o_pc_wren   ;        ; 12.899 ; 12.899 ;        ;
+-------------+-------------+--------+--------+--------+--------+


+---------------------------------------------------------------+
; Minimum Propagation Delay                                     ;
+-------------+-------------+--------+--------+--------+--------+
; Input Port  ; Output Port ; RR     ; RF     ; FR     ; FF     ;
+-------------+-------------+--------+--------+--------+--------+
; i_br_equal  ; o_pc_sel    ; 12.178 ; 12.178 ; 12.178 ; 12.178 ;
; i_br_less   ; o_pc_sel    ; 12.159 ; 12.159 ; 12.159 ; 12.159 ;
; i_instr[0]  ; o_alu_op[0] ; 12.361 ;        ;        ; 12.361 ;
; i_instr[0]  ; o_alu_op[1] ; 11.391 ;        ;        ; 11.391 ;
; i_instr[0]  ; o_alu_op[2] ; 12.269 ;        ;        ; 12.269 ;
; i_instr[0]  ; o_alu_op[3] ; 11.818 ;        ;        ; 11.818 ;
; i_instr[0]  ; o_br_un     ; 11.372 ;        ;        ; 11.372 ;
; i_instr[0]  ; o_insn_vld  ; 11.297 ;        ;        ; 11.297 ;
; i_instr[0]  ; o_mem_wren  ; 11.874 ;        ;        ; 11.874 ;
; i_instr[0]  ; o_opa_sel   ; 11.510 ;        ;        ; 11.510 ;
; i_instr[0]  ; o_opb_sel   ; 12.708 ;        ;        ; 12.708 ;
; i_instr[0]  ; o_pc_sel    ; 10.293 ;        ;        ; 10.293 ;
; i_instr[0]  ; o_pc_wren   ; 11.632 ;        ;        ; 11.632 ;
; i_instr[0]  ; o_rd_wren   ; 10.719 ;        ;        ; 10.719 ;
; i_instr[0]  ; o_wb_sel[0] ; 11.508 ;        ;        ; 11.508 ;
; i_instr[0]  ; o_wb_sel[1] ; 10.706 ;        ;        ; 10.706 ;
; i_instr[1]  ; o_alu_op[0] ; 12.141 ;        ;        ; 12.141 ;
; i_instr[1]  ; o_alu_op[1] ; 11.171 ;        ;        ; 11.171 ;
; i_instr[1]  ; o_alu_op[2] ; 12.049 ;        ;        ; 12.049 ;
; i_instr[1]  ; o_alu_op[3] ; 11.598 ;        ;        ; 11.598 ;
; i_instr[1]  ; o_br_un     ; 11.152 ;        ;        ; 11.152 ;
; i_instr[1]  ; o_insn_vld  ; 11.068 ;        ;        ; 11.068 ;
; i_instr[1]  ; o_mem_wren  ; 11.654 ;        ;        ; 11.654 ;
; i_instr[1]  ; o_opa_sel   ; 11.283 ;        ;        ; 11.283 ;
; i_instr[1]  ; o_opb_sel   ; 12.488 ;        ;        ; 12.488 ;
; i_instr[1]  ; o_pc_sel    ; 10.072 ;        ;        ; 10.072 ;
; i_instr[1]  ; o_pc_wren   ; 11.403 ;        ;        ; 11.403 ;
; i_instr[1]  ; o_rd_wren   ; 10.492 ;        ;        ; 10.492 ;
; i_instr[1]  ; o_wb_sel[0] ; 11.281 ;        ;        ; 11.281 ;
; i_instr[1]  ; o_wb_sel[1] ; 10.479 ;        ;        ; 10.479 ;
; i_instr[2]  ; o_alu_op[0] ; 10.633 ; 10.767 ; 10.767 ; 10.633 ;
; i_instr[2]  ; o_alu_op[1] ; 10.850 ; 10.850 ; 10.850 ; 10.850 ;
; i_instr[2]  ; o_alu_op[2] ; 10.838 ; 10.957 ; 10.957 ; 10.838 ;
; i_instr[2]  ; o_alu_op[3] ; 10.544 ; 10.385 ; 10.385 ; 10.544 ;
; i_instr[2]  ; o_br_un     ;        ; 10.396 ; 10.396 ;        ;
; i_instr[2]  ; o_insn_vld  ; 11.354 ; 11.950 ; 11.950 ; 11.354 ;
; i_instr[2]  ; o_mem_wren  ;        ; 10.898 ; 10.898 ;        ;
; i_instr[2]  ; o_opa_sel   ; 11.130 ; 11.130 ; 11.130 ; 11.130 ;
; i_instr[2]  ; o_opb_sel   ;        ; 10.434 ; 10.434 ;        ;
; i_instr[2]  ; o_pc_sel    ; 10.872 ;        ;        ; 10.872 ;
; i_instr[2]  ; o_pc_wren   ; 11.689 ; 12.285 ; 12.285 ; 11.689 ;
; i_instr[2]  ; o_rd_wren   ; 10.858 ; 10.858 ; 10.858 ; 10.858 ;
; i_instr[2]  ; o_wb_sel[0] ; 11.143 ; 11.143 ; 11.143 ; 11.143 ;
; i_instr[2]  ; o_wb_sel[1] ; 10.845 ;        ;        ; 10.845 ;
; i_instr[3]  ; o_alu_op[0] ;        ; 12.509 ; 12.509 ;        ;
; i_instr[3]  ; o_alu_op[1] ;        ; 11.539 ; 11.539 ;        ;
; i_instr[3]  ; o_alu_op[2] ;        ; 12.417 ; 12.417 ;        ;
; i_instr[3]  ; o_alu_op[3] ;        ; 11.966 ; 11.966 ;        ;
; i_instr[3]  ; o_br_un     ;        ; 11.520 ; 11.520 ;        ;
; i_instr[3]  ; o_insn_vld  ; 12.048 ; 11.907 ; 11.907 ; 12.048 ;
; i_instr[3]  ; o_mem_wren  ;        ; 12.022 ; 12.022 ;        ;
; i_instr[3]  ; o_opa_sel   ; 11.597 ; 10.867 ; 10.867 ; 11.597 ;
; i_instr[3]  ; o_opb_sel   ;        ; 12.856 ; 12.856 ;        ;
; i_instr[3]  ; o_pc_sel    ;        ; 11.016 ; 11.016 ;        ;
; i_instr[3]  ; o_pc_wren   ; 12.383 ; 12.242 ; 12.242 ; 12.383 ;
; i_instr[3]  ; o_rd_wren   ; 11.056 ; 10.353 ; 10.353 ; 11.056 ;
; i_instr[3]  ; o_wb_sel[0] ; 11.595 ; 10.866 ; 10.866 ; 11.595 ;
; i_instr[3]  ; o_wb_sel[1] ; 11.046 ; 10.343 ; 10.343 ; 11.046 ;
; i_instr[4]  ; o_alu_op[0] ; 11.252 ;        ;        ; 11.252 ;
; i_instr[4]  ; o_alu_op[1] ; 10.291 ;        ;        ; 10.291 ;
; i_instr[4]  ; o_alu_op[2] ; 11.160 ;        ;        ; 11.160 ;
; i_instr[4]  ; o_alu_op[3] ; 10.709 ;        ;        ; 10.709 ;
; i_instr[4]  ; o_br_un     ;        ; 10.622 ; 10.622 ;        ;
; i_instr[4]  ; o_insn_vld  ; 10.919 ; 10.222 ; 10.222 ; 10.919 ;
; i_instr[4]  ; o_mem_wren  ;        ; 11.124 ; 11.124 ;        ;
; i_instr[4]  ; o_opa_sel   ; 11.446 ; 11.446 ; 11.446 ; 11.446 ;
; i_instr[4]  ; o_opb_sel   ; 11.599 ;        ;        ; 11.599 ;
; i_instr[4]  ; o_pc_sel    ;        ; 11.155 ; 11.155 ;        ;
; i_instr[4]  ; o_pc_wren   ; 11.254 ; 10.557 ; 10.557 ; 11.254 ;
; i_instr[4]  ; o_rd_wren   ; 11.201 ; 11.201 ; 11.201 ; 11.201 ;
; i_instr[4]  ; o_wb_sel[0] ; 11.483 ; 11.483 ; 11.483 ; 11.483 ;
; i_instr[4]  ; o_wb_sel[1] ; 11.161 ; 11.161 ; 11.161 ; 11.161 ;
; i_instr[5]  ; o_alu_op[0] ; 10.515 ; 11.502 ; 11.502 ; 10.515 ;
; i_instr[5]  ; o_alu_op[1] ; 10.426 ; 10.426 ; 10.426 ; 10.426 ;
; i_instr[5]  ; o_alu_op[2] ; 10.720 ; 11.743 ; 11.743 ; 10.720 ;
; i_instr[5]  ; o_alu_op[3] ; 10.409 ;        ;        ; 10.409 ;
; i_instr[5]  ; o_br_un     ; 10.243 ;        ;        ; 10.243 ;
; i_instr[5]  ; o_insn_vld  ; 11.088 ; 11.088 ; 11.088 ; 11.088 ;
; i_instr[5]  ; o_mem_wren  ; 10.745 ;        ;        ; 10.745 ;
; i_instr[5]  ; o_opa_sel   ; 11.267 ;        ;        ; 11.267 ;
; i_instr[5]  ; o_opb_sel   ; 10.308 ;        ;        ; 10.308 ;
; i_instr[5]  ; o_pc_sel    ; 10.993 ;        ;        ; 10.993 ;
; i_instr[5]  ; o_pc_wren   ; 11.423 ; 11.423 ; 11.423 ; 11.423 ;
; i_instr[5]  ; o_rd_wren   ; 11.002 ; 11.002 ; 11.002 ; 11.002 ;
; i_instr[5]  ; o_wb_sel[0] ; 11.271 ; 11.271 ; 11.271 ; 11.271 ;
; i_instr[5]  ; o_wb_sel[1] ; 10.978 ;        ;        ; 10.978 ;
; i_instr[6]  ; o_alu_op[0] ;        ; 11.404 ; 11.404 ;        ;
; i_instr[6]  ; o_alu_op[1] ;        ; 10.182 ; 10.182 ;        ;
; i_instr[6]  ; o_alu_op[2] ;        ; 11.312 ; 11.312 ;        ;
; i_instr[6]  ; o_alu_op[3] ;        ; 10.861 ; 10.861 ;        ;
; i_instr[6]  ; o_br_un     ; 10.031 ;        ;        ; 10.031 ;
; i_instr[6]  ; o_insn_vld  ; 11.734 ; 11.082 ; 11.082 ; 11.734 ;
; i_instr[6]  ; o_mem_wren  ;        ; 10.225 ; 10.225 ;        ;
; i_instr[6]  ; o_opa_sel   ; 11.384 ; 11.384 ; 11.384 ; 11.384 ;
; i_instr[6]  ; o_opb_sel   ;        ; 11.751 ; 11.751 ;        ;
; i_instr[6]  ; o_pc_sel    ; 11.108 ;        ;        ; 11.108 ;
; i_instr[6]  ; o_pc_wren   ; 12.069 ; 11.417 ; 11.417 ; 12.069 ;
; i_instr[6]  ; o_rd_wren   ; 11.115 ; 11.115 ; 11.115 ; 11.115 ;
; i_instr[6]  ; o_wb_sel[0] ; 11.402 ; 11.402 ; 11.402 ; 11.402 ;
; i_instr[6]  ; o_wb_sel[1] ; 11.101 ; 11.101 ; 11.101 ; 11.101 ;
; i_instr[12] ; o_alu_op[0] ; 10.291 ;        ;        ; 10.291 ;
; i_instr[12] ; o_alu_op[2] ; 11.176 ; 12.070 ; 12.070 ; 11.176 ;
; i_instr[12] ; o_alu_op[3] ; 10.901 ; 10.901 ; 10.901 ; 10.901 ;
; i_instr[12] ; o_insn_vld  ; 11.238 ; 11.238 ; 11.238 ; 11.238 ;
; i_instr[12] ; o_pc_sel    ; 12.184 ; 12.184 ; 12.184 ; 12.184 ;
; i_instr[12] ; o_pc_wren   ; 11.573 ; 11.573 ; 11.573 ; 11.573 ;
; i_instr[13] ; o_alu_op[0] ; 11.413 ; 11.387 ; 11.387 ; 11.413 ;
; i_instr[13] ; o_alu_op[1] ; 10.747 ;        ;        ; 10.747 ;
; i_instr[13] ; o_alu_op[2] ; 12.064 ; 11.593 ; 11.593 ; 12.064 ;
; i_instr[13] ; o_alu_op[3] ;        ; 10.443 ; 10.443 ;        ;
; i_instr[13] ; o_br_un     ;        ; 9.489  ; 9.489  ;        ;
; i_instr[13] ; o_insn_vld  ; 11.848 ; 10.734 ; 10.734 ; 11.848 ;
; i_instr[13] ; o_pc_sel    ; 11.945 ; 11.945 ; 11.945 ; 11.945 ;
; i_instr[13] ; o_pc_wren   ; 12.183 ; 11.069 ; 11.069 ; 12.183 ;
; i_instr[14] ; o_alu_op[0] ; 10.940 ;        ;        ; 10.940 ;
; i_instr[14] ; o_alu_op[2] ; 11.112 ;        ;        ; 11.112 ;
; i_instr[14] ; o_alu_op[3] ; 10.557 ; 10.557 ; 10.557 ; 10.557 ;
; i_instr[14] ; o_br_un     ; 9.612  ;        ;        ; 9.612  ;
; i_instr[14] ; o_insn_vld  ; 10.741 ; 11.276 ; 11.276 ; 10.741 ;
; i_instr[14] ; o_pc_sel    ; 12.175 ; 12.145 ; 12.145 ; 12.175 ;
; i_instr[14] ; o_pc_wren   ; 11.076 ; 11.611 ; 11.611 ; 11.076 ;
; i_instr[25] ; o_alu_op[0] ;        ; 9.549  ; 9.549  ;        ;
; i_instr[25] ; o_alu_op[1] ;        ; 9.020  ; 9.020  ;        ;
; i_instr[25] ; o_alu_op[2] ;        ; 9.043  ; 9.043  ;        ;
; i_instr[25] ; o_alu_op[3] ;        ; 8.605  ; 8.605  ;        ;
; i_instr[25] ; o_insn_vld  ;        ; 8.441  ; 8.441  ;        ;
; i_instr[25] ; o_pc_wren   ;        ; 8.776  ; 8.776  ;        ;
; i_instr[26] ; o_alu_op[0] ;        ; 9.560  ; 9.560  ;        ;
; i_instr[26] ; o_alu_op[1] ;        ; 9.031  ; 9.031  ;        ;
; i_instr[26] ; o_alu_op[2] ;        ; 9.054  ; 9.054  ;        ;
; i_instr[26] ; o_alu_op[3] ;        ; 8.616  ; 8.616  ;        ;
; i_instr[26] ; o_insn_vld  ;        ; 8.452  ; 8.452  ;        ;
; i_instr[26] ; o_pc_wren   ;        ; 8.787  ; 8.787  ;        ;
; i_instr[27] ; o_alu_op[0] ;        ; 9.396  ; 9.396  ;        ;
; i_instr[27] ; o_alu_op[1] ;        ; 8.867  ; 8.867  ;        ;
; i_instr[27] ; o_alu_op[2] ;        ; 8.890  ; 8.890  ;        ;
; i_instr[27] ; o_alu_op[3] ;        ; 8.452  ; 8.452  ;        ;
; i_instr[27] ; o_insn_vld  ;        ; 8.288  ; 8.288  ;        ;
; i_instr[27] ; o_pc_wren   ;        ; 8.623  ; 8.623  ;        ;
; i_instr[28] ; o_alu_op[0] ;        ; 13.808 ; 13.808 ;        ;
; i_instr[28] ; o_alu_op[1] ;        ; 13.279 ; 13.279 ;        ;
; i_instr[28] ; o_alu_op[2] ;        ; 13.302 ; 13.302 ;        ;
; i_instr[28] ; o_alu_op[3] ;        ; 12.864 ; 12.864 ;        ;
; i_instr[28] ; o_insn_vld  ;        ; 12.700 ; 12.700 ;        ;
; i_instr[28] ; o_pc_wren   ;        ; 13.035 ; 13.035 ;        ;
; i_instr[29] ; o_alu_op[0] ;        ; 12.835 ; 12.835 ;        ;
; i_instr[29] ; o_alu_op[1] ;        ; 12.305 ; 12.305 ;        ;
; i_instr[29] ; o_alu_op[2] ;        ; 12.328 ; 12.328 ;        ;
; i_instr[29] ; o_alu_op[3] ;        ; 11.891 ; 11.891 ;        ;
; i_instr[29] ; o_insn_vld  ;        ; 11.726 ; 11.726 ;        ;
; i_instr[29] ; o_pc_wren   ;        ; 12.061 ; 12.061 ;        ;
; i_instr[30] ; o_alu_op[0] ; 9.058  ; 9.063  ; 9.063  ; 9.058  ;
; i_instr[30] ; o_alu_op[1] ;        ; 8.528  ; 8.528  ;        ;
; i_instr[30] ; o_alu_op[2] ; 9.264  ; 8.551  ; 8.551  ; 9.264  ;
; i_instr[30] ; o_alu_op[3] ; 8.114  ;        ;        ; 8.114  ;
; i_instr[30] ; o_insn_vld  ; 8.113  ; 7.949  ; 7.949  ; 8.113  ;
; i_instr[30] ; o_pc_wren   ; 8.448  ; 8.284  ; 8.284  ; 8.448  ;
; i_instr[31] ; o_alu_op[0] ;        ; 13.509 ; 13.509 ;        ;
; i_instr[31] ; o_alu_op[1] ;        ; 12.979 ; 12.979 ;        ;
; i_instr[31] ; o_alu_op[2] ;        ; 13.002 ; 13.002 ;        ;
; i_instr[31] ; o_alu_op[3] ;        ; 12.565 ; 12.565 ;        ;
; i_instr[31] ; o_insn_vld  ;        ; 12.400 ; 12.400 ;        ;
; i_instr[31] ; o_pc_wren   ;        ; 12.735 ; 12.735 ;        ;
+-------------+-------------+--------+--------+--------+--------+


----------------------------
; Fast Model Setup Summary ;
----------------------------
No paths to report.


---------------------------
; Fast Model Hold Summary ;
---------------------------
No paths to report.


-------------------------------
; Fast Model Recovery Summary ;
-------------------------------
No paths to report.


------------------------------
; Fast Model Removal Summary ;
------------------------------
No paths to report.


------------------------------------------
; Fast Model Minimum Pulse Width Summary ;
------------------------------------------
No paths to report.


+-----------------------------------------------------------+
; Propagation Delay                                         ;
+-------------+-------------+-------+-------+-------+-------+
; Input Port  ; Output Port ; RR    ; RF    ; FR    ; FF    ;
+-------------+-------------+-------+-------+-------+-------+
; i_br_equal  ; o_pc_sel    ; 6.517 ; 6.517 ; 6.517 ; 6.517 ;
; i_br_less   ; o_pc_sel    ; 6.515 ; 6.515 ; 6.515 ; 6.515 ;
; i_instr[0]  ; o_alu_op[0] ; 6.656 ;       ;       ; 6.656 ;
; i_instr[0]  ; o_alu_op[1] ; 6.185 ;       ;       ; 6.185 ;
; i_instr[0]  ; o_alu_op[2] ; 6.653 ;       ;       ; 6.653 ;
; i_instr[0]  ; o_alu_op[3] ; 6.408 ;       ;       ; 6.408 ;
; i_instr[0]  ; o_br_un     ; 6.221 ;       ;       ; 6.221 ;
; i_instr[0]  ; o_insn_vld  ; 6.304 ;       ;       ; 6.304 ;
; i_instr[0]  ; o_mem_wren  ; 6.437 ;       ;       ; 6.437 ;
; i_instr[0]  ; o_opa_sel   ; 6.292 ;       ;       ; 6.292 ;
; i_instr[0]  ; o_opb_sel   ; 6.824 ;       ;       ; 6.824 ;
; i_instr[0]  ; o_pc_sel    ; 5.736 ;       ;       ; 5.736 ;
; i_instr[0]  ; o_pc_wren   ; 6.467 ;       ;       ; 6.467 ;
; i_instr[0]  ; o_rd_wren   ; 5.849 ;       ;       ; 5.849 ;
; i_instr[0]  ; o_wb_sel[0] ; 6.290 ;       ;       ; 6.290 ;
; i_instr[0]  ; o_wb_sel[1] ; 5.918 ;       ;       ; 5.918 ;
; i_instr[1]  ; o_alu_op[0] ; 6.555 ;       ;       ; 6.555 ;
; i_instr[1]  ; o_alu_op[1] ; 6.084 ;       ;       ; 6.084 ;
; i_instr[1]  ; o_alu_op[2] ; 6.552 ;       ;       ; 6.552 ;
; i_instr[1]  ; o_alu_op[3] ; 6.307 ;       ;       ; 6.307 ;
; i_instr[1]  ; o_br_un     ; 6.120 ;       ;       ; 6.120 ;
; i_instr[1]  ; o_insn_vld  ; 6.203 ;       ;       ; 6.203 ;
; i_instr[1]  ; o_mem_wren  ; 6.336 ;       ;       ; 6.336 ;
; i_instr[1]  ; o_opa_sel   ; 6.182 ;       ;       ; 6.182 ;
; i_instr[1]  ; o_opb_sel   ; 6.723 ;       ;       ; 6.723 ;
; i_instr[1]  ; o_pc_sel    ; 5.634 ;       ;       ; 5.634 ;
; i_instr[1]  ; o_pc_wren   ; 6.366 ;       ;       ; 6.366 ;
; i_instr[1]  ; o_rd_wren   ; 5.739 ;       ;       ; 5.739 ;
; i_instr[1]  ; o_wb_sel[0] ; 6.180 ;       ;       ; 6.180 ;
; i_instr[1]  ; o_wb_sel[1] ; 5.808 ;       ;       ; 5.808 ;
; i_instr[2]  ; o_alu_op[0] ; 5.863 ; 5.928 ; 5.928 ; 5.863 ;
; i_instr[2]  ; o_alu_op[1] ; 5.914 ; 5.914 ; 5.914 ; 5.914 ;
; i_instr[2]  ; o_alu_op[2] ; 5.989 ; 6.057 ; 6.057 ; 5.989 ;
; i_instr[2]  ; o_alu_op[3] ; 5.828 ; 5.743 ; 5.743 ; 5.828 ;
; i_instr[2]  ; o_br_un     ;       ; 5.766 ; 5.766 ;       ;
; i_instr[2]  ; o_insn_vld  ; 6.405 ; 6.343 ; 6.343 ; 6.405 ;
; i_instr[2]  ; o_mem_wren  ;       ; 5.982 ; 5.982 ;       ;
; i_instr[2]  ; o_opa_sel   ; 6.275 ; 6.128 ; 6.128 ; 6.275 ;
; i_instr[2]  ; o_opb_sel   ;       ; 5.805 ; 5.805 ;       ;
; i_instr[2]  ; o_pc_sel    ; 6.000 ;       ;       ; 6.000 ;
; i_instr[2]  ; o_pc_wren   ; 6.568 ; 6.506 ; 6.506 ; 6.568 ;
; i_instr[2]  ; o_rd_wren   ; 5.955 ; 5.918 ; 5.918 ; 5.955 ;
; i_instr[2]  ; o_wb_sel[0] ; 6.279 ; 6.138 ; 6.138 ; 6.279 ;
; i_instr[2]  ; o_wb_sel[1] ; 6.026 ;       ;       ; 6.026 ;
; i_instr[3]  ; o_alu_op[0] ;       ; 6.740 ; 6.740 ;       ;
; i_instr[3]  ; o_alu_op[1] ;       ; 6.269 ; 6.269 ;       ;
; i_instr[3]  ; o_alu_op[2] ;       ; 6.737 ; 6.737 ;       ;
; i_instr[3]  ; o_alu_op[3] ;       ; 6.492 ; 6.492 ;       ;
; i_instr[3]  ; o_br_un     ;       ; 6.305 ; 6.305 ;       ;
; i_instr[3]  ; o_insn_vld  ; 6.462 ; 6.388 ; 6.388 ; 6.462 ;
; i_instr[3]  ; o_mem_wren  ;       ; 6.521 ; 6.521 ;       ;
; i_instr[3]  ; o_opa_sel   ; 6.332 ; 5.998 ; 5.998 ; 6.332 ;
; i_instr[3]  ; o_opb_sel   ;       ; 6.908 ; 6.908 ;       ;
; i_instr[3]  ; o_pc_sel    ;       ; 6.048 ; 6.048 ;       ;
; i_instr[3]  ; o_pc_wren   ; 6.625 ; 6.551 ; 6.551 ; 6.625 ;
; i_instr[3]  ; o_rd_wren   ; 6.012 ; 5.680 ; 5.680 ; 6.012 ;
; i_instr[3]  ; o_wb_sel[0] ; 6.336 ; 5.995 ; 5.995 ; 6.336 ;
; i_instr[3]  ; o_wb_sel[1] ; 6.083 ; 5.749 ; 5.749 ; 6.083 ;
; i_instr[4]  ; o_alu_op[0] ; 6.194 ;       ;       ; 6.194 ;
; i_instr[4]  ; o_alu_op[1] ; 5.737 ;       ;       ; 5.737 ;
; i_instr[4]  ; o_alu_op[2] ; 6.191 ;       ;       ; 6.191 ;
; i_instr[4]  ; o_alu_op[3] ; 5.946 ;       ;       ; 5.946 ;
; i_instr[4]  ; o_br_un     ;       ; 5.928 ; 5.928 ;       ;
; i_instr[4]  ; o_insn_vld  ; 6.179 ; 6.854 ; 6.854 ; 6.179 ;
; i_instr[4]  ; o_mem_wren  ;       ; 6.144 ; 6.144 ;       ;
; i_instr[4]  ; o_opa_sel   ; 6.296 ; 6.724 ; 6.724 ; 6.296 ;
; i_instr[4]  ; o_opb_sel   ; 6.362 ;       ;       ; 6.362 ;
; i_instr[4]  ; o_pc_sel    ;       ; 6.159 ; 6.159 ;       ;
; i_instr[4]  ; o_pc_wren   ; 6.342 ; 7.017 ; 7.017 ; 6.342 ;
; i_instr[4]  ; o_rd_wren   ; 6.084 ; 6.404 ; 6.404 ; 6.084 ;
; i_instr[4]  ; o_wb_sel[0] ; 6.297 ; 6.728 ; 6.728 ; 6.297 ;
; i_instr[4]  ; o_wb_sel[1] ; 6.158 ; 6.475 ; 6.475 ; 6.158 ;
; i_instr[5]  ; o_alu_op[0] ; 5.816 ; 6.228 ; 6.228 ; 5.816 ;
; i_instr[5]  ; o_alu_op[1] ; 5.704 ; 5.704 ; 5.704 ; 5.704 ;
; i_instr[5]  ; o_alu_op[2] ; 5.942 ; 6.353 ; 6.353 ; 5.942 ;
; i_instr[5]  ; o_alu_op[3] ; 5.781 ;       ;       ; 5.781 ;
; i_instr[5]  ; o_br_un     ; 5.691 ;       ;       ; 5.691 ;
; i_instr[5]  ; o_insn_vld  ; 6.757 ; 6.161 ; 6.161 ; 6.757 ;
; i_instr[5]  ; o_mem_wren  ; 5.907 ;       ;       ; 5.907 ;
; i_instr[5]  ; o_opa_sel   ; 6.627 ;       ;       ; 6.627 ;
; i_instr[5]  ; o_opb_sel   ; 5.749 ;       ;       ; 5.749 ;
; i_instr[5]  ; o_pc_sel    ; 6.062 ;       ;       ; 6.062 ;
; i_instr[5]  ; o_pc_wren   ; 6.920 ; 6.324 ; 6.324 ; 6.920 ;
; i_instr[5]  ; o_rd_wren   ; 6.307 ; 5.964 ; 5.964 ; 6.307 ;
; i_instr[5]  ; o_wb_sel[0] ; 6.631 ; 6.170 ; 6.170 ; 6.631 ;
; i_instr[5]  ; o_wb_sel[1] ; 6.378 ;       ;       ; 6.378 ;
; i_instr[6]  ; o_alu_op[0] ;       ; 6.231 ; 6.231 ;       ;
; i_instr[6]  ; o_alu_op[1] ;       ; 5.647 ; 5.647 ;       ;
; i_instr[6]  ; o_alu_op[2] ;       ; 6.228 ; 6.228 ;       ;
; i_instr[6]  ; o_alu_op[3] ;       ; 5.983 ; 5.983 ;       ;
; i_instr[6]  ; o_br_un     ; 5.630 ;       ;       ; 5.630 ;
; i_instr[6]  ; o_insn_vld  ; 6.789 ; 6.515 ; 6.515 ; 6.789 ;
; i_instr[6]  ; o_mem_wren  ;       ; 5.709 ; 5.709 ;       ;
; i_instr[6]  ; o_opa_sel   ; 6.659 ; 6.222 ; 6.222 ; 6.659 ;
; i_instr[6]  ; o_opb_sel   ;       ; 6.399 ; 6.399 ;       ;
; i_instr[6]  ; o_pc_sel    ; 6.094 ;       ;       ; 6.094 ;
; i_instr[6]  ; o_pc_wren   ; 6.952 ; 6.678 ; 6.678 ; 6.952 ;
; i_instr[6]  ; o_rd_wren   ; 6.339 ; 6.010 ; 6.010 ; 6.339 ;
; i_instr[6]  ; o_wb_sel[0] ; 6.663 ; 6.228 ; 6.228 ; 6.663 ;
; i_instr[6]  ; o_wb_sel[1] ; 6.410 ; 6.091 ; 6.091 ; 6.410 ;
; i_instr[12] ; o_alu_op[0] ; 5.713 ;       ;       ; 5.713 ;
; i_instr[12] ; o_alu_op[2] ; 6.134 ; 6.511 ; 6.511 ; 6.134 ;
; i_instr[12] ; o_alu_op[3] ; 5.954 ; 5.954 ; 5.954 ; 5.954 ;
; i_instr[12] ; o_insn_vld  ; 6.043 ; 6.319 ; 6.319 ; 6.043 ;
; i_instr[12] ; o_pc_sel    ; 6.692 ; 6.692 ; 6.692 ; 6.692 ;
; i_instr[12] ; o_pc_wren   ; 6.206 ; 6.482 ; 6.482 ; 6.206 ;
; i_instr[13] ; o_alu_op[0] ; 6.182 ; 6.172 ; 6.172 ; 6.182 ;
; i_instr[13] ; o_alu_op[1] ; 5.851 ;       ;       ; 5.851 ;
; i_instr[13] ; o_alu_op[2] ; 6.499 ; 6.296 ; 6.296 ; 6.499 ;
; i_instr[13] ; o_alu_op[3] ;       ; 5.767 ; 5.767 ;       ;
; i_instr[13] ; o_br_un     ;       ; 5.336 ; 5.336 ;       ;
; i_instr[13] ; o_insn_vld  ; 6.307 ; 6.295 ; 6.295 ; 6.307 ;
; i_instr[13] ; o_pc_sel    ; 6.431 ; 6.534 ; 6.534 ; 6.431 ;
; i_instr[13] ; o_pc_wren   ; 6.470 ; 6.458 ; 6.458 ; 6.470 ;
; i_instr[14] ; o_alu_op[0] ; 6.020 ;       ;       ; 6.020 ;
; i_instr[14] ; o_alu_op[2] ; 6.157 ;       ;       ; 6.157 ;
; i_instr[14] ; o_alu_op[3] ; 5.831 ; 5.831 ; 5.831 ; 5.831 ;
; i_instr[14] ; o_br_un     ; 5.425 ;       ;       ; 5.425 ;
; i_instr[14] ; o_insn_vld  ; 6.309 ; 6.309 ; 6.309 ; 6.309 ;
; i_instr[14] ; o_pc_sel    ; 6.564 ; 6.564 ; 6.564 ; 6.564 ;
; i_instr[14] ; o_pc_wren   ; 6.472 ; 6.472 ; 6.472 ; 6.472 ;
; i_instr[25] ; o_alu_op[0] ;       ; 4.738 ; 4.738 ;       ;
; i_instr[25] ; o_alu_op[1] ;       ; 4.441 ; 4.441 ;       ;
; i_instr[25] ; o_alu_op[2] ;       ; 4.862 ; 4.862 ;       ;
; i_instr[25] ; o_alu_op[3] ;       ; 4.333 ; 4.333 ;       ;
; i_instr[25] ; o_insn_vld  ;       ; 4.232 ; 4.232 ;       ;
; i_instr[25] ; o_pc_wren   ;       ; 4.395 ; 4.395 ;       ;
; i_instr[26] ; o_alu_op[0] ;       ; 4.764 ; 4.764 ;       ;
; i_instr[26] ; o_alu_op[1] ;       ; 4.467 ; 4.467 ;       ;
; i_instr[26] ; o_alu_op[2] ;       ; 4.888 ; 4.888 ;       ;
; i_instr[26] ; o_alu_op[3] ;       ; 4.359 ; 4.359 ;       ;
; i_instr[26] ; o_insn_vld  ;       ; 4.258 ; 4.258 ;       ;
; i_instr[26] ; o_pc_wren   ;       ; 4.421 ; 4.421 ;       ;
; i_instr[27] ; o_alu_op[0] ;       ; 4.627 ; 4.627 ;       ;
; i_instr[27] ; o_alu_op[1] ;       ; 4.330 ; 4.330 ;       ;
; i_instr[27] ; o_alu_op[2] ;       ; 4.751 ; 4.751 ;       ;
; i_instr[27] ; o_alu_op[3] ;       ; 4.222 ; 4.222 ;       ;
; i_instr[27] ; o_insn_vld  ;       ; 4.121 ; 4.121 ;       ;
; i_instr[27] ; o_pc_wren   ;       ; 4.284 ; 4.284 ;       ;
; i_instr[28] ; o_alu_op[0] ;       ; 7.307 ; 7.307 ;       ;
; i_instr[28] ; o_alu_op[1] ;       ; 7.010 ; 7.010 ;       ;
; i_instr[28] ; o_alu_op[2] ;       ; 7.431 ; 7.431 ;       ;
; i_instr[28] ; o_alu_op[3] ;       ; 6.902 ; 6.902 ;       ;
; i_instr[28] ; o_insn_vld  ;       ; 6.801 ; 6.801 ;       ;
; i_instr[28] ; o_pc_wren   ;       ; 6.964 ; 6.964 ;       ;
; i_instr[29] ; o_alu_op[0] ;       ; 6.840 ; 6.840 ;       ;
; i_instr[29] ; o_alu_op[1] ;       ; 6.544 ; 6.544 ;       ;
; i_instr[29] ; o_alu_op[2] ;       ; 6.964 ; 6.964 ;       ;
; i_instr[29] ; o_alu_op[3] ;       ; 6.435 ; 6.435 ;       ;
; i_instr[29] ; o_insn_vld  ;       ; 6.334 ; 6.334 ;       ;
; i_instr[29] ; o_pc_wren   ;       ; 6.497 ; 6.497 ;       ;
; i_instr[30] ; o_alu_op[0] ; 4.525 ; 4.489 ; 4.489 ; 4.525 ;
; i_instr[30] ; o_alu_op[1] ;       ; 4.203 ; 4.203 ;       ;
; i_instr[30] ; o_alu_op[2] ; 4.649 ; 4.306 ; 4.306 ; 4.649 ;
; i_instr[30] ; o_alu_op[3] ; 4.120 ;       ;       ; 4.120 ;
; i_instr[30] ; o_insn_vld  ; 4.019 ; 3.931 ; 3.931 ; 4.019 ;
; i_instr[30] ; o_pc_wren   ; 4.182 ; 4.094 ; 4.094 ; 4.182 ;
; i_instr[31] ; o_alu_op[0] ;       ; 7.179 ; 7.179 ;       ;
; i_instr[31] ; o_alu_op[1] ;       ; 6.883 ; 6.883 ;       ;
; i_instr[31] ; o_alu_op[2] ;       ; 7.303 ; 7.303 ;       ;
; i_instr[31] ; o_alu_op[3] ;       ; 6.774 ; 6.774 ;       ;
; i_instr[31] ; o_insn_vld  ;       ; 6.673 ; 6.673 ;       ;
; i_instr[31] ; o_pc_wren   ;       ; 6.836 ; 6.836 ;       ;
+-------------+-------------+-------+-------+-------+-------+


+-----------------------------------------------------------+
; Minimum Propagation Delay                                 ;
+-------------+-------------+-------+-------+-------+-------+
; Input Port  ; Output Port ; RR    ; RF    ; FR    ; FF    ;
+-------------+-------------+-------+-------+-------+-------+
; i_br_equal  ; o_pc_sel    ; 6.517 ; 6.517 ; 6.517 ; 6.517 ;
; i_br_less   ; o_pc_sel    ; 6.515 ; 6.515 ; 6.515 ; 6.515 ;
; i_instr[0]  ; o_alu_op[0] ; 6.656 ;       ;       ; 6.656 ;
; i_instr[0]  ; o_alu_op[1] ; 6.185 ;       ;       ; 6.185 ;
; i_instr[0]  ; o_alu_op[2] ; 6.653 ;       ;       ; 6.653 ;
; i_instr[0]  ; o_alu_op[3] ; 6.408 ;       ;       ; 6.408 ;
; i_instr[0]  ; o_br_un     ; 6.221 ;       ;       ; 6.221 ;
; i_instr[0]  ; o_insn_vld  ; 6.114 ;       ;       ; 6.114 ;
; i_instr[0]  ; o_mem_wren  ; 6.437 ;       ;       ; 6.437 ;
; i_instr[0]  ; o_opa_sel   ; 6.292 ;       ;       ; 6.292 ;
; i_instr[0]  ; o_opb_sel   ; 6.824 ;       ;       ; 6.824 ;
; i_instr[0]  ; o_pc_sel    ; 5.736 ;       ;       ; 5.736 ;
; i_instr[0]  ; o_pc_wren   ; 6.277 ;       ;       ; 6.277 ;
; i_instr[0]  ; o_rd_wren   ; 5.849 ;       ;       ; 5.849 ;
; i_instr[0]  ; o_wb_sel[0] ; 6.290 ;       ;       ; 6.290 ;
; i_instr[0]  ; o_wb_sel[1] ; 5.918 ;       ;       ; 5.918 ;
; i_instr[1]  ; o_alu_op[0] ; 6.555 ;       ;       ; 6.555 ;
; i_instr[1]  ; o_alu_op[1] ; 6.084 ;       ;       ; 6.084 ;
; i_instr[1]  ; o_alu_op[2] ; 6.552 ;       ;       ; 6.552 ;
; i_instr[1]  ; o_alu_op[3] ; 6.307 ;       ;       ; 6.307 ;
; i_instr[1]  ; o_br_un     ; 6.120 ;       ;       ; 6.120 ;
; i_instr[1]  ; o_insn_vld  ; 6.008 ;       ;       ; 6.008 ;
; i_instr[1]  ; o_mem_wren  ; 6.336 ;       ;       ; 6.336 ;
; i_instr[1]  ; o_opa_sel   ; 6.182 ;       ;       ; 6.182 ;
; i_instr[1]  ; o_opb_sel   ; 6.723 ;       ;       ; 6.723 ;
; i_instr[1]  ; o_pc_sel    ; 5.634 ;       ;       ; 5.634 ;
; i_instr[1]  ; o_pc_wren   ; 6.171 ;       ;       ; 6.171 ;
; i_instr[1]  ; o_rd_wren   ; 5.739 ;       ;       ; 5.739 ;
; i_instr[1]  ; o_wb_sel[0] ; 6.180 ;       ;       ; 6.180 ;
; i_instr[1]  ; o_wb_sel[1] ; 5.808 ;       ;       ; 5.808 ;
; i_instr[2]  ; o_alu_op[0] ; 5.863 ; 5.928 ; 5.928 ; 5.863 ;
; i_instr[2]  ; o_alu_op[1] ; 5.914 ; 5.914 ; 5.914 ; 5.914 ;
; i_instr[2]  ; o_alu_op[2] ; 5.989 ; 6.057 ; 6.057 ; 5.989 ;
; i_instr[2]  ; o_alu_op[3] ; 5.828 ; 5.743 ; 5.743 ; 5.828 ;
; i_instr[2]  ; o_br_un     ;       ; 5.766 ; 5.766 ;       ;
; i_instr[2]  ; o_insn_vld  ; 6.090 ; 6.343 ; 6.343 ; 6.090 ;
; i_instr[2]  ; o_mem_wren  ;       ; 5.982 ; 5.982 ;       ;
; i_instr[2]  ; o_opa_sel   ; 6.128 ; 6.128 ; 6.128 ; 6.128 ;
; i_instr[2]  ; o_opb_sel   ;       ; 5.805 ; 5.805 ;       ;
; i_instr[2]  ; o_pc_sel    ; 6.000 ;       ;       ; 6.000 ;
; i_instr[2]  ; o_pc_wren   ; 6.253 ; 6.506 ; 6.506 ; 6.253 ;
; i_instr[2]  ; o_rd_wren   ; 5.918 ; 5.918 ; 5.918 ; 5.918 ;
; i_instr[2]  ; o_wb_sel[0] ; 6.138 ; 6.138 ; 6.138 ; 6.138 ;
; i_instr[2]  ; o_wb_sel[1] ; 5.999 ;       ;       ; 5.999 ;
; i_instr[3]  ; o_alu_op[0] ;       ; 6.740 ; 6.740 ;       ;
; i_instr[3]  ; o_alu_op[1] ;       ; 6.269 ; 6.269 ;       ;
; i_instr[3]  ; o_alu_op[2] ;       ; 6.737 ; 6.737 ;       ;
; i_instr[3]  ; o_alu_op[3] ;       ; 6.492 ; 6.492 ;       ;
; i_instr[3]  ; o_br_un     ;       ; 6.305 ; 6.305 ;       ;
; i_instr[3]  ; o_insn_vld  ; 6.462 ; 6.388 ; 6.388 ; 6.462 ;
; i_instr[3]  ; o_mem_wren  ;       ; 6.521 ; 6.521 ;       ;
; i_instr[3]  ; o_opa_sel   ; 6.332 ; 5.998 ; 5.998 ; 6.332 ;
; i_instr[3]  ; o_opb_sel   ;       ; 6.908 ; 6.908 ;       ;
; i_instr[3]  ; o_pc_sel    ;       ; 6.048 ; 6.048 ;       ;
; i_instr[3]  ; o_pc_wren   ; 6.625 ; 6.551 ; 6.551 ; 6.625 ;
; i_instr[3]  ; o_rd_wren   ; 6.012 ; 5.680 ; 5.680 ; 6.012 ;
; i_instr[3]  ; o_wb_sel[0] ; 6.336 ; 5.995 ; 5.995 ; 6.336 ;
; i_instr[3]  ; o_wb_sel[1] ; 6.083 ; 5.749 ; 5.749 ; 6.083 ;
; i_instr[4]  ; o_alu_op[0] ; 6.194 ;       ;       ; 6.194 ;
; i_instr[4]  ; o_alu_op[1] ; 5.737 ;       ;       ; 5.737 ;
; i_instr[4]  ; o_alu_op[2] ; 6.191 ;       ;       ; 6.191 ;
; i_instr[4]  ; o_alu_op[3] ; 5.946 ;       ;       ; 5.946 ;
; i_instr[4]  ; o_br_un     ;       ; 5.928 ; 5.928 ;       ;
; i_instr[4]  ; o_insn_vld  ; 5.943 ; 5.653 ; 5.653 ; 5.943 ;
; i_instr[4]  ; o_mem_wren  ;       ; 6.144 ; 6.144 ;       ;
; i_instr[4]  ; o_opa_sel   ; 6.296 ; 6.296 ; 6.296 ; 6.296 ;
; i_instr[4]  ; o_opb_sel   ; 6.362 ;       ;       ; 6.362 ;
; i_instr[4]  ; o_pc_sel    ;       ; 6.159 ; 6.159 ;       ;
; i_instr[4]  ; o_pc_wren   ; 6.106 ; 5.816 ; 5.816 ; 6.106 ;
; i_instr[4]  ; o_rd_wren   ; 6.084 ; 6.084 ; 6.084 ; 6.084 ;
; i_instr[4]  ; o_wb_sel[0] ; 6.297 ; 6.297 ; 6.297 ; 6.297 ;
; i_instr[4]  ; o_wb_sel[1] ; 6.158 ; 6.158 ; 6.158 ; 6.158 ;
; i_instr[5]  ; o_alu_op[0] ; 5.816 ; 6.228 ; 6.228 ; 5.816 ;
; i_instr[5]  ; o_alu_op[1] ; 5.704 ; 5.704 ; 5.704 ; 5.704 ;
; i_instr[5]  ; o_alu_op[2] ; 5.942 ; 6.353 ; 6.353 ; 5.942 ;
; i_instr[5]  ; o_alu_op[3] ; 5.743 ;       ;       ; 5.743 ;
; i_instr[5]  ; o_br_un     ; 5.691 ;       ;       ; 5.691 ;
; i_instr[5]  ; o_insn_vld  ; 5.936 ; 5.936 ; 5.936 ; 5.936 ;
; i_instr[5]  ; o_mem_wren  ; 5.907 ;       ;       ; 5.907 ;
; i_instr[5]  ; o_opa_sel   ; 6.165 ;       ;       ; 6.165 ;
; i_instr[5]  ; o_opb_sel   ; 5.749 ;       ;       ; 5.749 ;
; i_instr[5]  ; o_pc_sel    ; 6.062 ;       ;       ; 6.062 ;
; i_instr[5]  ; o_pc_wren   ; 6.099 ; 6.099 ; 6.099 ; 6.099 ;
; i_instr[5]  ; o_rd_wren   ; 5.964 ; 5.964 ; 5.964 ; 5.964 ;
; i_instr[5]  ; o_wb_sel[0] ; 6.170 ; 6.170 ; 6.170 ; 6.170 ;
; i_instr[5]  ; o_wb_sel[1] ; 6.033 ;       ;       ; 6.033 ;
; i_instr[6]  ; o_alu_op[0] ;       ; 6.231 ; 6.231 ;       ;
; i_instr[6]  ; o_alu_op[1] ;       ; 5.647 ; 5.647 ;       ;
; i_instr[6]  ; o_alu_op[2] ;       ; 6.228 ; 6.228 ;       ;
; i_instr[6]  ; o_alu_op[3] ;       ; 5.983 ; 5.983 ;       ;
; i_instr[6]  ; o_br_un     ; 5.630 ;       ;       ; 5.630 ;
; i_instr[6]  ; o_insn_vld  ; 6.265 ; 6.009 ; 6.009 ; 6.265 ;
; i_instr[6]  ; o_mem_wren  ;       ; 5.709 ; 5.709 ;       ;
; i_instr[6]  ; o_opa_sel   ; 6.222 ; 6.222 ; 6.222 ; 6.222 ;
; i_instr[6]  ; o_opb_sel   ;       ; 6.399 ; 6.399 ;       ;
; i_instr[6]  ; o_pc_sel    ; 6.094 ;       ;       ; 6.094 ;
; i_instr[6]  ; o_pc_wren   ; 6.428 ; 6.172 ; 6.172 ; 6.428 ;
; i_instr[6]  ; o_rd_wren   ; 6.010 ; 6.010 ; 6.010 ; 6.010 ;
; i_instr[6]  ; o_wb_sel[0] ; 6.228 ; 6.228 ; 6.228 ; 6.228 ;
; i_instr[6]  ; o_wb_sel[1] ; 6.091 ; 6.091 ; 6.091 ; 6.091 ;
; i_instr[12] ; o_alu_op[0] ; 5.713 ;       ;       ; 5.713 ;
; i_instr[12] ; o_alu_op[2] ; 6.134 ; 6.511 ; 6.511 ; 6.134 ;
; i_instr[12] ; o_alu_op[3] ; 5.954 ; 5.954 ; 5.954 ; 5.954 ;
; i_instr[12] ; o_insn_vld  ; 6.043 ; 6.043 ; 6.043 ; 6.043 ;
; i_instr[12] ; o_pc_sel    ; 6.552 ; 6.552 ; 6.552 ; 6.552 ;
; i_instr[12] ; o_pc_wren   ; 6.206 ; 6.206 ; 6.206 ; 6.206 ;
; i_instr[13] ; o_alu_op[0] ; 6.182 ; 6.172 ; 6.172 ; 6.182 ;
; i_instr[13] ; o_alu_op[1] ; 5.851 ;       ;       ; 5.851 ;
; i_instr[13] ; o_alu_op[2] ; 6.499 ; 6.296 ; 6.296 ; 6.499 ;
; i_instr[13] ; o_alu_op[3] ;       ; 5.767 ; 5.767 ;       ;
; i_instr[13] ; o_br_un     ;       ; 5.336 ; 5.336 ;       ;
; i_instr[13] ; o_insn_vld  ; 6.295 ; 5.819 ; 5.819 ; 6.295 ;
; i_instr[13] ; o_pc_sel    ; 6.431 ; 6.431 ; 6.431 ; 6.431 ;
; i_instr[13] ; o_pc_wren   ; 6.458 ; 5.982 ; 5.982 ; 6.458 ;
; i_instr[14] ; o_alu_op[0] ; 6.020 ;       ;       ; 6.020 ;
; i_instr[14] ; o_alu_op[2] ; 6.157 ;       ;       ; 6.157 ;
; i_instr[14] ; o_alu_op[3] ; 5.831 ; 5.831 ; 5.831 ; 5.831 ;
; i_instr[14] ; o_br_un     ; 5.425 ;       ;       ; 5.425 ;
; i_instr[14] ; o_insn_vld  ; 5.840 ; 6.066 ; 6.066 ; 5.840 ;
; i_instr[14] ; o_pc_sel    ; 6.564 ; 6.556 ; 6.556 ; 6.564 ;
; i_instr[14] ; o_pc_wren   ; 6.003 ; 6.229 ; 6.229 ; 6.003 ;
; i_instr[25] ; o_alu_op[0] ;       ; 4.727 ; 4.727 ;       ;
; i_instr[25] ; o_alu_op[1] ;       ; 4.441 ; 4.441 ;       ;
; i_instr[25] ; o_alu_op[2] ;       ; 4.544 ; 4.544 ;       ;
; i_instr[25] ; o_alu_op[3] ;       ; 4.333 ; 4.333 ;       ;
; i_instr[25] ; o_insn_vld  ;       ; 4.169 ; 4.169 ;       ;
; i_instr[25] ; o_pc_wren   ;       ; 4.332 ; 4.332 ;       ;
; i_instr[26] ; o_alu_op[0] ;       ; 4.753 ; 4.753 ;       ;
; i_instr[26] ; o_alu_op[1] ;       ; 4.467 ; 4.467 ;       ;
; i_instr[26] ; o_alu_op[2] ;       ; 4.570 ; 4.570 ;       ;
; i_instr[26] ; o_alu_op[3] ;       ; 4.359 ; 4.359 ;       ;
; i_instr[26] ; o_insn_vld  ;       ; 4.195 ; 4.195 ;       ;
; i_instr[26] ; o_pc_wren   ;       ; 4.358 ; 4.358 ;       ;
; i_instr[27] ; o_alu_op[0] ;       ; 4.616 ; 4.616 ;       ;
; i_instr[27] ; o_alu_op[1] ;       ; 4.330 ; 4.330 ;       ;
; i_instr[27] ; o_alu_op[2] ;       ; 4.433 ; 4.433 ;       ;
; i_instr[27] ; o_alu_op[3] ;       ; 4.222 ; 4.222 ;       ;
; i_instr[27] ; o_insn_vld  ;       ; 4.058 ; 4.058 ;       ;
; i_instr[27] ; o_pc_wren   ;       ; 4.221 ; 4.221 ;       ;
; i_instr[28] ; o_alu_op[0] ;       ; 7.296 ; 7.296 ;       ;
; i_instr[28] ; o_alu_op[1] ;       ; 7.010 ; 7.010 ;       ;
; i_instr[28] ; o_alu_op[2] ;       ; 7.113 ; 7.113 ;       ;
; i_instr[28] ; o_alu_op[3] ;       ; 6.902 ; 6.902 ;       ;
; i_instr[28] ; o_insn_vld  ;       ; 6.738 ; 6.738 ;       ;
; i_instr[28] ; o_pc_wren   ;       ; 6.901 ; 6.901 ;       ;
; i_instr[29] ; o_alu_op[0] ;       ; 6.830 ; 6.830 ;       ;
; i_instr[29] ; o_alu_op[1] ;       ; 6.544 ; 6.544 ;       ;
; i_instr[29] ; o_alu_op[2] ;       ; 6.647 ; 6.647 ;       ;
; i_instr[29] ; o_alu_op[3] ;       ; 6.435 ; 6.435 ;       ;
; i_instr[29] ; o_insn_vld  ;       ; 6.272 ; 6.272 ;       ;
; i_instr[29] ; o_pc_wren   ;       ; 6.435 ; 6.435 ;       ;
; i_instr[30] ; o_alu_op[0] ; 4.525 ; 4.489 ; 4.489 ; 4.525 ;
; i_instr[30] ; o_alu_op[1] ;       ; 4.203 ; 4.203 ;       ;
; i_instr[30] ; o_alu_op[2] ; 4.649 ; 4.306 ; 4.306 ; 4.649 ;
; i_instr[30] ; o_alu_op[3] ; 4.120 ;       ;       ; 4.120 ;
; i_instr[30] ; o_insn_vld  ; 4.019 ; 3.931 ; 3.931 ; 4.019 ;
; i_instr[30] ; o_pc_wren   ; 4.182 ; 4.094 ; 4.094 ; 4.182 ;
; i_instr[31] ; o_alu_op[0] ;       ; 7.169 ; 7.169 ;       ;
; i_instr[31] ; o_alu_op[1] ;       ; 6.883 ; 6.883 ;       ;
; i_instr[31] ; o_alu_op[2] ;       ; 6.986 ; 6.986 ;       ;
; i_instr[31] ; o_alu_op[3] ;       ; 6.774 ; 6.774 ;       ;
; i_instr[31] ; o_insn_vld  ;       ; 6.611 ; 6.611 ;       ;
; i_instr[31] ; o_pc_wren   ;       ; 6.774 ; 6.774 ;       ;
+-------------+-------------+-------+-------+-------+-------+


+----------------------------------------------------------------------------+
; Multicorner Timing Analysis Summary                                        ;
+------------------+-------+------+----------+---------+---------------------+
; Clock            ; Setup ; Hold ; Recovery ; Removal ; Minimum Pulse Width ;
+------------------+-------+------+----------+---------+---------------------+
; Worst-case Slack ; N/A   ; N/A  ; N/A      ; N/A     ; N/A                 ;
; Design-wide TNS  ; 0.0   ; 0.0  ; 0.0      ; 0.0     ; 0.0                 ;
+------------------+-------+------+----------+---------+---------------------+


+---------------------------------------------------------------+
; Progagation Delay                                             ;
+-------------+-------------+--------+--------+--------+--------+
; Input Port  ; Output Port ; RR     ; RF     ; FR     ; FF     ;
+-------------+-------------+--------+--------+--------+--------+
; i_br_equal  ; o_pc_sel    ; 12.178 ; 12.178 ; 12.178 ; 12.178 ;
; i_br_less   ; o_pc_sel    ; 12.159 ; 12.159 ; 12.159 ; 12.159 ;
; i_instr[0]  ; o_alu_op[0] ; 12.361 ;        ;        ; 12.361 ;
; i_instr[0]  ; o_alu_op[1] ; 11.391 ;        ;        ; 11.391 ;
; i_instr[0]  ; o_alu_op[2] ; 12.269 ;        ;        ; 12.269 ;
; i_instr[0]  ; o_alu_op[3] ; 11.818 ;        ;        ; 11.818 ;
; i_instr[0]  ; o_br_un     ; 11.372 ;        ;        ; 11.372 ;
; i_instr[0]  ; o_insn_vld  ; 11.759 ;        ;        ; 11.759 ;
; i_instr[0]  ; o_mem_wren  ; 11.874 ;        ;        ; 11.874 ;
; i_instr[0]  ; o_opa_sel   ; 11.510 ;        ;        ; 11.510 ;
; i_instr[0]  ; o_opb_sel   ; 12.708 ;        ;        ; 12.708 ;
; i_instr[0]  ; o_pc_sel    ; 10.293 ;        ;        ; 10.293 ;
; i_instr[0]  ; o_pc_wren   ; 12.094 ;        ;        ; 12.094 ;
; i_instr[0]  ; o_rd_wren   ; 10.719 ;        ;        ; 10.719 ;
; i_instr[0]  ; o_wb_sel[0] ; 11.508 ;        ;        ; 11.508 ;
; i_instr[0]  ; o_wb_sel[1] ; 10.706 ;        ;        ; 10.706 ;
; i_instr[1]  ; o_alu_op[0] ; 12.141 ;        ;        ; 12.141 ;
; i_instr[1]  ; o_alu_op[1] ; 11.171 ;        ;        ; 11.171 ;
; i_instr[1]  ; o_alu_op[2] ; 12.049 ;        ;        ; 12.049 ;
; i_instr[1]  ; o_alu_op[3] ; 11.598 ;        ;        ; 11.598 ;
; i_instr[1]  ; o_br_un     ; 11.152 ;        ;        ; 11.152 ;
; i_instr[1]  ; o_insn_vld  ; 11.539 ;        ;        ; 11.539 ;
; i_instr[1]  ; o_mem_wren  ; 11.654 ;        ;        ; 11.654 ;
; i_instr[1]  ; o_opa_sel   ; 11.283 ;        ;        ; 11.283 ;
; i_instr[1]  ; o_opb_sel   ; 12.488 ;        ;        ; 12.488 ;
; i_instr[1]  ; o_pc_sel    ; 10.072 ;        ;        ; 10.072 ;
; i_instr[1]  ; o_pc_wren   ; 11.874 ;        ;        ; 11.874 ;
; i_instr[1]  ; o_rd_wren   ; 10.492 ;        ;        ; 10.492 ;
; i_instr[1]  ; o_wb_sel[0] ; 11.281 ;        ;        ; 11.281 ;
; i_instr[1]  ; o_wb_sel[1] ; 10.479 ;        ;        ; 10.479 ;
; i_instr[2]  ; o_alu_op[0] ; 10.633 ; 10.767 ; 10.767 ; 10.633 ;
; i_instr[2]  ; o_alu_op[1] ; 10.850 ; 10.850 ; 10.850 ; 10.850 ;
; i_instr[2]  ; o_alu_op[2] ; 10.838 ; 10.957 ; 10.957 ; 10.838 ;
; i_instr[2]  ; o_alu_op[3] ; 10.544 ; 10.385 ; 10.385 ; 10.544 ;
; i_instr[2]  ; o_br_un     ;        ; 10.396 ; 10.396 ;        ;
; i_instr[2]  ; o_insn_vld  ; 11.950 ; 11.950 ; 11.950 ; 11.950 ;
; i_instr[2]  ; o_mem_wren  ;        ; 10.898 ; 10.898 ;        ;
; i_instr[2]  ; o_opa_sel   ; 11.465 ; 11.130 ; 11.130 ; 11.465 ;
; i_instr[2]  ; o_opb_sel   ;        ; 10.434 ; 10.434 ;        ;
; i_instr[2]  ; o_pc_sel    ; 10.872 ;        ;        ; 10.872 ;
; i_instr[2]  ; o_pc_wren   ; 12.285 ; 12.285 ; 12.285 ; 12.285 ;
; i_instr[2]  ; o_rd_wren   ; 10.924 ; 10.858 ; 10.858 ; 10.924 ;
; i_instr[2]  ; o_wb_sel[0] ; 11.463 ; 11.143 ; 11.143 ; 11.463 ;
; i_instr[2]  ; o_wb_sel[1] ; 10.914 ;        ;        ; 10.914 ;
; i_instr[3]  ; o_alu_op[0] ;        ; 12.509 ; 12.509 ;        ;
; i_instr[3]  ; o_alu_op[1] ;        ; 11.539 ; 11.539 ;        ;
; i_instr[3]  ; o_alu_op[2] ;        ; 12.417 ; 12.417 ;        ;
; i_instr[3]  ; o_alu_op[3] ;        ; 11.966 ; 11.966 ;        ;
; i_instr[3]  ; o_br_un     ;        ; 11.520 ; 11.520 ;        ;
; i_instr[3]  ; o_insn_vld  ; 12.048 ; 11.907 ; 11.907 ; 12.048 ;
; i_instr[3]  ; o_mem_wren  ;        ; 12.022 ; 12.022 ;        ;
; i_instr[3]  ; o_opa_sel   ; 11.597 ; 10.867 ; 10.867 ; 11.597 ;
; i_instr[3]  ; o_opb_sel   ;        ; 12.856 ; 12.856 ;        ;
; i_instr[3]  ; o_pc_sel    ;        ; 11.016 ; 11.016 ;        ;
; i_instr[3]  ; o_pc_wren   ; 12.383 ; 12.242 ; 12.242 ; 12.383 ;
; i_instr[3]  ; o_rd_wren   ; 11.056 ; 10.353 ; 10.353 ; 11.056 ;
; i_instr[3]  ; o_wb_sel[0] ; 11.595 ; 10.866 ; 10.866 ; 11.595 ;
; i_instr[3]  ; o_wb_sel[1] ; 11.046 ; 10.343 ; 10.343 ; 11.046 ;
; i_instr[4]  ; o_alu_op[0] ; 11.252 ;        ;        ; 11.252 ;
; i_instr[4]  ; o_alu_op[1] ; 10.291 ;        ;        ; 10.291 ;
; i_instr[4]  ; o_alu_op[2] ; 11.160 ;        ;        ; 11.160 ;
; i_instr[4]  ; o_alu_op[3] ; 10.709 ;        ;        ; 10.709 ;
; i_instr[4]  ; o_br_un     ;        ; 10.622 ; 10.622 ;        ;
; i_instr[4]  ; o_insn_vld  ; 11.462 ; 12.864 ; 12.864 ; 11.462 ;
; i_instr[4]  ; o_mem_wren  ;        ; 11.124 ; 11.124 ;        ;
; i_instr[4]  ; o_opa_sel   ; 11.446 ; 12.413 ; 12.413 ; 11.446 ;
; i_instr[4]  ; o_opb_sel   ; 11.599 ;        ;        ; 11.599 ;
; i_instr[4]  ; o_pc_sel    ;        ; 11.155 ; 11.155 ;        ;
; i_instr[4]  ; o_pc_wren   ; 11.797 ; 13.199 ; 13.199 ; 11.797 ;
; i_instr[4]  ; o_rd_wren   ; 11.201 ; 11.872 ; 11.872 ; 11.201 ;
; i_instr[4]  ; o_wb_sel[0] ; 11.483 ; 12.411 ; 12.411 ; 11.483 ;
; i_instr[4]  ; o_wb_sel[1] ; 11.161 ; 11.862 ; 11.862 ; 11.161 ;
; i_instr[5]  ; o_alu_op[0] ; 10.515 ; 11.502 ; 11.502 ; 10.515 ;
; i_instr[5]  ; o_alu_op[1] ; 10.426 ; 10.426 ; 10.426 ; 10.426 ;
; i_instr[5]  ; o_alu_op[2] ; 10.720 ; 11.743 ; 11.743 ; 10.720 ;
; i_instr[5]  ; o_alu_op[3] ; 10.426 ;        ;        ; 10.426 ;
; i_instr[5]  ; o_br_un     ; 10.243 ;        ;        ; 10.243 ;
; i_instr[5]  ; o_insn_vld  ; 12.702 ; 11.568 ; 11.568 ; 12.702 ;
; i_instr[5]  ; o_mem_wren  ; 10.745 ;        ;        ; 10.745 ;
; i_instr[5]  ; o_opa_sel   ; 12.251 ;        ;        ; 12.251 ;
; i_instr[5]  ; o_opb_sel   ; 10.308 ;        ;        ; 10.308 ;
; i_instr[5]  ; o_pc_sel    ; 10.993 ;        ;        ; 10.993 ;
; i_instr[5]  ; o_pc_wren   ; 13.037 ; 11.903 ; 11.903 ; 13.037 ;
; i_instr[5]  ; o_rd_wren   ; 11.710 ; 11.002 ; 11.002 ; 11.710 ;
; i_instr[5]  ; o_wb_sel[0] ; 12.249 ; 11.271 ; 11.271 ; 12.249 ;
; i_instr[5]  ; o_wb_sel[1] ; 11.700 ;        ;        ; 11.700 ;
; i_instr[6]  ; o_alu_op[0] ;        ; 11.404 ; 11.404 ;        ;
; i_instr[6]  ; o_alu_op[1] ;        ; 10.182 ; 10.182 ;        ;
; i_instr[6]  ; o_alu_op[2] ;        ; 11.312 ; 11.312 ;        ;
; i_instr[6]  ; o_alu_op[3] ;        ; 10.861 ; 10.861 ;        ;
; i_instr[6]  ; o_br_un     ; 10.031 ;        ;        ; 10.031 ;
; i_instr[6]  ; o_insn_vld  ; 12.817 ; 12.256 ; 12.256 ; 12.817 ;
; i_instr[6]  ; o_mem_wren  ;        ; 10.225 ; 10.225 ;        ;
; i_instr[6]  ; o_opa_sel   ; 12.366 ; 11.384 ; 11.384 ; 12.366 ;
; i_instr[6]  ; o_opb_sel   ;        ; 11.751 ; 11.751 ;        ;
; i_instr[6]  ; o_pc_sel    ; 11.108 ;        ;        ; 11.108 ;
; i_instr[6]  ; o_pc_wren   ; 13.152 ; 12.591 ; 12.591 ; 13.152 ;
; i_instr[6]  ; o_rd_wren   ; 11.825 ; 11.115 ; 11.115 ; 11.825 ;
; i_instr[6]  ; o_wb_sel[0] ; 12.364 ; 11.402 ; 11.402 ; 12.364 ;
; i_instr[6]  ; o_wb_sel[1] ; 11.815 ; 11.101 ; 11.101 ; 11.815 ;
; i_instr[12] ; o_alu_op[0] ; 10.291 ;        ;        ; 10.291 ;
; i_instr[12] ; o_alu_op[2] ; 11.176 ; 12.070 ; 12.070 ; 11.176 ;
; i_instr[12] ; o_alu_op[3] ; 10.901 ; 10.901 ; 10.901 ; 10.901 ;
; i_instr[12] ; o_insn_vld  ; 11.238 ; 11.895 ; 11.895 ; 11.238 ;
; i_instr[12] ; o_pc_sel    ; 12.521 ; 12.521 ; 12.521 ; 12.521 ;
; i_instr[12] ; o_pc_wren   ; 11.573 ; 12.230 ; 12.230 ; 11.573 ;
; i_instr[13] ; o_alu_op[0] ; 11.413 ; 11.387 ; 11.387 ; 11.413 ;
; i_instr[13] ; o_alu_op[1] ; 10.747 ;        ;        ; 10.747 ;
; i_instr[13] ; o_alu_op[2] ; 12.064 ; 11.593 ; 11.593 ; 12.064 ;
; i_instr[13] ; o_alu_op[3] ;        ; 10.443 ; 10.443 ;        ;
; i_instr[13] ; o_br_un     ;        ; 9.489  ; 9.489  ;        ;
; i_instr[13] ; o_insn_vld  ; 11.889 ; 11.848 ; 11.848 ; 11.889 ;
; i_instr[13] ; o_pc_sel    ; 11.945 ; 12.135 ; 12.135 ; 11.945 ;
; i_instr[13] ; o_pc_wren   ; 12.224 ; 12.183 ; 12.183 ; 12.224 ;
; i_instr[14] ; o_alu_op[0] ; 10.940 ;        ;        ; 10.940 ;
; i_instr[14] ; o_alu_op[2] ; 11.112 ;        ;        ; 11.112 ;
; i_instr[14] ; o_alu_op[3] ; 10.557 ; 10.557 ; 10.557 ; 10.557 ;
; i_instr[14] ; o_br_un     ; 9.612  ;        ;        ; 9.612  ;
; i_instr[14] ; o_insn_vld  ; 11.833 ; 11.833 ; 11.833 ; 11.833 ;
; i_instr[14] ; o_pc_sel    ; 12.175 ; 12.175 ; 12.175 ; 12.175 ;
; i_instr[14] ; o_pc_wren   ; 12.168 ; 12.168 ; 12.168 ; 12.168 ;
; i_instr[25] ; o_alu_op[0] ;        ; 9.555  ; 9.555  ;        ;
; i_instr[25] ; o_alu_op[1] ;        ; 9.020  ; 9.020  ;        ;
; i_instr[25] ; o_alu_op[2] ;        ; 9.755  ; 9.755  ;        ;
; i_instr[25] ; o_alu_op[3] ;        ; 8.605  ; 8.605  ;        ;
; i_instr[25] ; o_insn_vld  ;        ; 8.604  ; 8.604  ;        ;
; i_instr[25] ; o_pc_wren   ;        ; 8.939  ; 8.939  ;        ;
; i_instr[26] ; o_alu_op[0] ;        ; 9.566  ; 9.566  ;        ;
; i_instr[26] ; o_alu_op[1] ;        ; 9.031  ; 9.031  ;        ;
; i_instr[26] ; o_alu_op[2] ;        ; 9.766  ; 9.766  ;        ;
; i_instr[26] ; o_alu_op[3] ;        ; 8.616  ; 8.616  ;        ;
; i_instr[26] ; o_insn_vld  ;        ; 8.615  ; 8.615  ;        ;
; i_instr[26] ; o_pc_wren   ;        ; 8.950  ; 8.950  ;        ;
; i_instr[27] ; o_alu_op[0] ;        ; 9.402  ; 9.402  ;        ;
; i_instr[27] ; o_alu_op[1] ;        ; 8.867  ; 8.867  ;        ;
; i_instr[27] ; o_alu_op[2] ;        ; 9.602  ; 9.602  ;        ;
; i_instr[27] ; o_alu_op[3] ;        ; 8.452  ; 8.452  ;        ;
; i_instr[27] ; o_insn_vld  ;        ; 8.451  ; 8.451  ;        ;
; i_instr[27] ; o_pc_wren   ;        ; 8.786  ; 8.786  ;        ;
; i_instr[28] ; o_alu_op[0] ;        ; 13.814 ; 13.814 ;        ;
; i_instr[28] ; o_alu_op[1] ;        ; 13.279 ; 13.279 ;        ;
; i_instr[28] ; o_alu_op[2] ;        ; 14.014 ; 14.014 ;        ;
; i_instr[28] ; o_alu_op[3] ;        ; 12.864 ; 12.864 ;        ;
; i_instr[28] ; o_insn_vld  ;        ; 12.863 ; 12.863 ;        ;
; i_instr[28] ; o_pc_wren   ;        ; 13.198 ; 13.198 ;        ;
; i_instr[29] ; o_alu_op[0] ;        ; 12.840 ; 12.840 ;        ;
; i_instr[29] ; o_alu_op[1] ;        ; 12.305 ; 12.305 ;        ;
; i_instr[29] ; o_alu_op[2] ;        ; 13.041 ; 13.041 ;        ;
; i_instr[29] ; o_alu_op[3] ;        ; 11.891 ; 11.891 ;        ;
; i_instr[29] ; o_insn_vld  ;        ; 11.890 ; 11.890 ;        ;
; i_instr[29] ; o_pc_wren   ;        ; 12.225 ; 12.225 ;        ;
; i_instr[30] ; o_alu_op[0] ; 9.058  ; 9.063  ; 9.063  ; 9.058  ;
; i_instr[30] ; o_alu_op[1] ;        ; 8.528  ; 8.528  ;        ;
; i_instr[30] ; o_alu_op[2] ; 9.264  ; 8.551  ; 8.551  ; 9.264  ;
; i_instr[30] ; o_alu_op[3] ; 8.114  ;        ;        ; 8.114  ;
; i_instr[30] ; o_insn_vld  ; 8.113  ; 7.949  ; 7.949  ; 8.113  ;
; i_instr[30] ; o_pc_wren   ; 8.448  ; 8.284  ; 8.284  ; 8.448  ;
; i_instr[31] ; o_alu_op[0] ;        ; 13.514 ; 13.514 ;        ;
; i_instr[31] ; o_alu_op[1] ;        ; 12.979 ; 12.979 ;        ;
; i_instr[31] ; o_alu_op[2] ;        ; 13.715 ; 13.715 ;        ;
; i_instr[31] ; o_alu_op[3] ;        ; 12.565 ; 12.565 ;        ;
; i_instr[31] ; o_insn_vld  ;        ; 12.564 ; 12.564 ;        ;
; i_instr[31] ; o_pc_wren   ;        ; 12.899 ; 12.899 ;        ;
+-------------+-------------+--------+--------+--------+--------+


+-----------------------------------------------------------+
; Minimum Progagation Delay                                 ;
+-------------+-------------+-------+-------+-------+-------+
; Input Port  ; Output Port ; RR    ; RF    ; FR    ; FF    ;
+-------------+-------------+-------+-------+-------+-------+
; i_br_equal  ; o_pc_sel    ; 6.517 ; 6.517 ; 6.517 ; 6.517 ;
; i_br_less   ; o_pc_sel    ; 6.515 ; 6.515 ; 6.515 ; 6.515 ;
; i_instr[0]  ; o_alu_op[0] ; 6.656 ;       ;       ; 6.656 ;
; i_instr[0]  ; o_alu_op[1] ; 6.185 ;       ;       ; 6.185 ;
; i_instr[0]  ; o_alu_op[2] ; 6.653 ;       ;       ; 6.653 ;
; i_instr[0]  ; o_alu_op[3] ; 6.408 ;       ;       ; 6.408 ;
; i_instr[0]  ; o_br_un     ; 6.221 ;       ;       ; 6.221 ;
; i_instr[0]  ; o_insn_vld  ; 6.114 ;       ;       ; 6.114 ;
; i_instr[0]  ; o_mem_wren  ; 6.437 ;       ;       ; 6.437 ;
; i_instr[0]  ; o_opa_sel   ; 6.292 ;       ;       ; 6.292 ;
; i_instr[0]  ; o_opb_sel   ; 6.824 ;       ;       ; 6.824 ;
; i_instr[0]  ; o_pc_sel    ; 5.736 ;       ;       ; 5.736 ;
; i_instr[0]  ; o_pc_wren   ; 6.277 ;       ;       ; 6.277 ;
; i_instr[0]  ; o_rd_wren   ; 5.849 ;       ;       ; 5.849 ;
; i_instr[0]  ; o_wb_sel[0] ; 6.290 ;       ;       ; 6.290 ;
; i_instr[0]  ; o_wb_sel[1] ; 5.918 ;       ;       ; 5.918 ;
; i_instr[1]  ; o_alu_op[0] ; 6.555 ;       ;       ; 6.555 ;
; i_instr[1]  ; o_alu_op[1] ; 6.084 ;       ;       ; 6.084 ;
; i_instr[1]  ; o_alu_op[2] ; 6.552 ;       ;       ; 6.552 ;
; i_instr[1]  ; o_alu_op[3] ; 6.307 ;       ;       ; 6.307 ;
; i_instr[1]  ; o_br_un     ; 6.120 ;       ;       ; 6.120 ;
; i_instr[1]  ; o_insn_vld  ; 6.008 ;       ;       ; 6.008 ;
; i_instr[1]  ; o_mem_wren  ; 6.336 ;       ;       ; 6.336 ;
; i_instr[1]  ; o_opa_sel   ; 6.182 ;       ;       ; 6.182 ;
; i_instr[1]  ; o_opb_sel   ; 6.723 ;       ;       ; 6.723 ;
; i_instr[1]  ; o_pc_sel    ; 5.634 ;       ;       ; 5.634 ;
; i_instr[1]  ; o_pc_wren   ; 6.171 ;       ;       ; 6.171 ;
; i_instr[1]  ; o_rd_wren   ; 5.739 ;       ;       ; 5.739 ;
; i_instr[1]  ; o_wb_sel[0] ; 6.180 ;       ;       ; 6.180 ;
; i_instr[1]  ; o_wb_sel[1] ; 5.808 ;       ;       ; 5.808 ;
; i_instr[2]  ; o_alu_op[0] ; 5.863 ; 5.928 ; 5.928 ; 5.863 ;
; i_instr[2]  ; o_alu_op[1] ; 5.914 ; 5.914 ; 5.914 ; 5.914 ;
; i_instr[2]  ; o_alu_op[2] ; 5.989 ; 6.057 ; 6.057 ; 5.989 ;
; i_instr[2]  ; o_alu_op[3] ; 5.828 ; 5.743 ; 5.743 ; 5.828 ;
; i_instr[2]  ; o_br_un     ;       ; 5.766 ; 5.766 ;       ;
; i_instr[2]  ; o_insn_vld  ; 6.090 ; 6.343 ; 6.343 ; 6.090 ;
; i_instr[2]  ; o_mem_wren  ;       ; 5.982 ; 5.982 ;       ;
; i_instr[2]  ; o_opa_sel   ; 6.128 ; 6.128 ; 6.128 ; 6.128 ;
; i_instr[2]  ; o_opb_sel   ;       ; 5.805 ; 5.805 ;       ;
; i_instr[2]  ; o_pc_sel    ; 6.000 ;       ;       ; 6.000 ;
; i_instr[2]  ; o_pc_wren   ; 6.253 ; 6.506 ; 6.506 ; 6.253 ;
; i_instr[2]  ; o_rd_wren   ; 5.918 ; 5.918 ; 5.918 ; 5.918 ;
; i_instr[2]  ; o_wb_sel[0] ; 6.138 ; 6.138 ; 6.138 ; 6.138 ;
; i_instr[2]  ; o_wb_sel[1] ; 5.999 ;       ;       ; 5.999 ;
; i_instr[3]  ; o_alu_op[0] ;       ; 6.740 ; 6.740 ;       ;
; i_instr[3]  ; o_alu_op[1] ;       ; 6.269 ; 6.269 ;       ;
; i_instr[3]  ; o_alu_op[2] ;       ; 6.737 ; 6.737 ;       ;
; i_instr[3]  ; o_alu_op[3] ;       ; 6.492 ; 6.492 ;       ;
; i_instr[3]  ; o_br_un     ;       ; 6.305 ; 6.305 ;       ;
; i_instr[3]  ; o_insn_vld  ; 6.462 ; 6.388 ; 6.388 ; 6.462 ;
; i_instr[3]  ; o_mem_wren  ;       ; 6.521 ; 6.521 ;       ;
; i_instr[3]  ; o_opa_sel   ; 6.332 ; 5.998 ; 5.998 ; 6.332 ;
; i_instr[3]  ; o_opb_sel   ;       ; 6.908 ; 6.908 ;       ;
; i_instr[3]  ; o_pc_sel    ;       ; 6.048 ; 6.048 ;       ;
; i_instr[3]  ; o_pc_wren   ; 6.625 ; 6.551 ; 6.551 ; 6.625 ;
; i_instr[3]  ; o_rd_wren   ; 6.012 ; 5.680 ; 5.680 ; 6.012 ;
; i_instr[3]  ; o_wb_sel[0] ; 6.336 ; 5.995 ; 5.995 ; 6.336 ;
; i_instr[3]  ; o_wb_sel[1] ; 6.083 ; 5.749 ; 5.749 ; 6.083 ;
; i_instr[4]  ; o_alu_op[0] ; 6.194 ;       ;       ; 6.194 ;
; i_instr[4]  ; o_alu_op[1] ; 5.737 ;       ;       ; 5.737 ;
; i_instr[4]  ; o_alu_op[2] ; 6.191 ;       ;       ; 6.191 ;
; i_instr[4]  ; o_alu_op[3] ; 5.946 ;       ;       ; 5.946 ;
; i_instr[4]  ; o_br_un     ;       ; 5.928 ; 5.928 ;       ;
; i_instr[4]  ; o_insn_vld  ; 5.943 ; 5.653 ; 5.653 ; 5.943 ;
; i_instr[4]  ; o_mem_wren  ;       ; 6.144 ; 6.144 ;       ;
; i_instr[4]  ; o_opa_sel   ; 6.296 ; 6.296 ; 6.296 ; 6.296 ;
; i_instr[4]  ; o_opb_sel   ; 6.362 ;       ;       ; 6.362 ;
; i_instr[4]  ; o_pc_sel    ;       ; 6.159 ; 6.159 ;       ;
; i_instr[4]  ; o_pc_wren   ; 6.106 ; 5.816 ; 5.816 ; 6.106 ;
; i_instr[4]  ; o_rd_wren   ; 6.084 ; 6.084 ; 6.084 ; 6.084 ;
; i_instr[4]  ; o_wb_sel[0] ; 6.297 ; 6.297 ; 6.297 ; 6.297 ;
; i_instr[4]  ; o_wb_sel[1] ; 6.158 ; 6.158 ; 6.158 ; 6.158 ;
; i_instr[5]  ; o_alu_op[0] ; 5.816 ; 6.228 ; 6.228 ; 5.816 ;
; i_instr[5]  ; o_alu_op[1] ; 5.704 ; 5.704 ; 5.704 ; 5.704 ;
; i_instr[5]  ; o_alu_op[2] ; 5.942 ; 6.353 ; 6.353 ; 5.942 ;
; i_instr[5]  ; o_alu_op[3] ; 5.743 ;       ;       ; 5.743 ;
; i_instr[5]  ; o_br_un     ; 5.691 ;       ;       ; 5.691 ;
; i_instr[5]  ; o_insn_vld  ; 5.936 ; 5.936 ; 5.936 ; 5.936 ;
; i_instr[5]  ; o_mem_wren  ; 5.907 ;       ;       ; 5.907 ;
; i_instr[5]  ; o_opa_sel   ; 6.165 ;       ;       ; 6.165 ;
; i_instr[5]  ; o_opb_sel   ; 5.749 ;       ;       ; 5.749 ;
; i_instr[5]  ; o_pc_sel    ; 6.062 ;       ;       ; 6.062 ;
; i_instr[5]  ; o_pc_wren   ; 6.099 ; 6.099 ; 6.099 ; 6.099 ;
; i_instr[5]  ; o_rd_wren   ; 5.964 ; 5.964 ; 5.964 ; 5.964 ;
; i_instr[5]  ; o_wb_sel[0] ; 6.170 ; 6.170 ; 6.170 ; 6.170 ;
; i_instr[5]  ; o_wb_sel[1] ; 6.033 ;       ;       ; 6.033 ;
; i_instr[6]  ; o_alu_op[0] ;       ; 6.231 ; 6.231 ;       ;
; i_instr[6]  ; o_alu_op[1] ;       ; 5.647 ; 5.647 ;       ;
; i_instr[6]  ; o_alu_op[2] ;       ; 6.228 ; 6.228 ;       ;
; i_instr[6]  ; o_alu_op[3] ;       ; 5.983 ; 5.983 ;       ;
; i_instr[6]  ; o_br_un     ; 5.630 ;       ;       ; 5.630 ;
; i_instr[6]  ; o_insn_vld  ; 6.265 ; 6.009 ; 6.009 ; 6.265 ;
; i_instr[6]  ; o_mem_wren  ;       ; 5.709 ; 5.709 ;       ;
; i_instr[6]  ; o_opa_sel   ; 6.222 ; 6.222 ; 6.222 ; 6.222 ;
; i_instr[6]  ; o_opb_sel   ;       ; 6.399 ; 6.399 ;       ;
; i_instr[6]  ; o_pc_sel    ; 6.094 ;       ;       ; 6.094 ;
; i_instr[6]  ; o_pc_wren   ; 6.428 ; 6.172 ; 6.172 ; 6.428 ;
; i_instr[6]  ; o_rd_wren   ; 6.010 ; 6.010 ; 6.010 ; 6.010 ;
; i_instr[6]  ; o_wb_sel[0] ; 6.228 ; 6.228 ; 6.228 ; 6.228 ;
; i_instr[6]  ; o_wb_sel[1] ; 6.091 ; 6.091 ; 6.091 ; 6.091 ;
; i_instr[12] ; o_alu_op[0] ; 5.713 ;       ;       ; 5.713 ;
; i_instr[12] ; o_alu_op[2] ; 6.134 ; 6.511 ; 6.511 ; 6.134 ;
; i_instr[12] ; o_alu_op[3] ; 5.954 ; 5.954 ; 5.954 ; 5.954 ;
; i_instr[12] ; o_insn_vld  ; 6.043 ; 6.043 ; 6.043 ; 6.043 ;
; i_instr[12] ; o_pc_sel    ; 6.552 ; 6.552 ; 6.552 ; 6.552 ;
; i_instr[12] ; o_pc_wren   ; 6.206 ; 6.206 ; 6.206 ; 6.206 ;
; i_instr[13] ; o_alu_op[0] ; 6.182 ; 6.172 ; 6.172 ; 6.182 ;
; i_instr[13] ; o_alu_op[1] ; 5.851 ;       ;       ; 5.851 ;
; i_instr[13] ; o_alu_op[2] ; 6.499 ; 6.296 ; 6.296 ; 6.499 ;
; i_instr[13] ; o_alu_op[3] ;       ; 5.767 ; 5.767 ;       ;
; i_instr[13] ; o_br_un     ;       ; 5.336 ; 5.336 ;       ;
; i_instr[13] ; o_insn_vld  ; 6.295 ; 5.819 ; 5.819 ; 6.295 ;
; i_instr[13] ; o_pc_sel    ; 6.431 ; 6.431 ; 6.431 ; 6.431 ;
; i_instr[13] ; o_pc_wren   ; 6.458 ; 5.982 ; 5.982 ; 6.458 ;
; i_instr[14] ; o_alu_op[0] ; 6.020 ;       ;       ; 6.020 ;
; i_instr[14] ; o_alu_op[2] ; 6.157 ;       ;       ; 6.157 ;
; i_instr[14] ; o_alu_op[3] ; 5.831 ; 5.831 ; 5.831 ; 5.831 ;
; i_instr[14] ; o_br_un     ; 5.425 ;       ;       ; 5.425 ;
; i_instr[14] ; o_insn_vld  ; 5.840 ; 6.066 ; 6.066 ; 5.840 ;
; i_instr[14] ; o_pc_sel    ; 6.564 ; 6.556 ; 6.556 ; 6.564 ;
; i_instr[14] ; o_pc_wren   ; 6.003 ; 6.229 ; 6.229 ; 6.003 ;
; i_instr[25] ; o_alu_op[0] ;       ; 4.727 ; 4.727 ;       ;
; i_instr[25] ; o_alu_op[1] ;       ; 4.441 ; 4.441 ;       ;
; i_instr[25] ; o_alu_op[2] ;       ; 4.544 ; 4.544 ;       ;
; i_instr[25] ; o_alu_op[3] ;       ; 4.333 ; 4.333 ;       ;
; i_instr[25] ; o_insn_vld  ;       ; 4.169 ; 4.169 ;       ;
; i_instr[25] ; o_pc_wren   ;       ; 4.332 ; 4.332 ;       ;
; i_instr[26] ; o_alu_op[0] ;       ; 4.753 ; 4.753 ;       ;
; i_instr[26] ; o_alu_op[1] ;       ; 4.467 ; 4.467 ;       ;
; i_instr[26] ; o_alu_op[2] ;       ; 4.570 ; 4.570 ;       ;
; i_instr[26] ; o_alu_op[3] ;       ; 4.359 ; 4.359 ;       ;
; i_instr[26] ; o_insn_vld  ;       ; 4.195 ; 4.195 ;       ;
; i_instr[26] ; o_pc_wren   ;       ; 4.358 ; 4.358 ;       ;
; i_instr[27] ; o_alu_op[0] ;       ; 4.616 ; 4.616 ;       ;
; i_instr[27] ; o_alu_op[1] ;       ; 4.330 ; 4.330 ;       ;
; i_instr[27] ; o_alu_op[2] ;       ; 4.433 ; 4.433 ;       ;
; i_instr[27] ; o_alu_op[3] ;       ; 4.222 ; 4.222 ;       ;
; i_instr[27] ; o_insn_vld  ;       ; 4.058 ; 4.058 ;       ;
; i_instr[27] ; o_pc_wren   ;       ; 4.221 ; 4.221 ;       ;
; i_instr[28] ; o_alu_op[0] ;       ; 7.296 ; 7.296 ;       ;
; i_instr[28] ; o_alu_op[1] ;       ; 7.010 ; 7.010 ;       ;
; i_instr[28] ; o_alu_op[2] ;       ; 7.113 ; 7.113 ;       ;
; i_instr[28] ; o_alu_op[3] ;       ; 6.902 ; 6.902 ;       ;
; i_instr[28] ; o_insn_vld  ;       ; 6.738 ; 6.738 ;       ;
; i_instr[28] ; o_pc_wren   ;       ; 6.901 ; 6.901 ;       ;
; i_instr[29] ; o_alu_op[0] ;       ; 6.830 ; 6.830 ;       ;
; i_instr[29] ; o_alu_op[1] ;       ; 6.544 ; 6.544 ;       ;
; i_instr[29] ; o_alu_op[2] ;       ; 6.647 ; 6.647 ;       ;
; i_instr[29] ; o_alu_op[3] ;       ; 6.435 ; 6.435 ;       ;
; i_instr[29] ; o_insn_vld  ;       ; 6.272 ; 6.272 ;       ;
; i_instr[29] ; o_pc_wren   ;       ; 6.435 ; 6.435 ;       ;
; i_instr[30] ; o_alu_op[0] ; 4.525 ; 4.489 ; 4.489 ; 4.525 ;
; i_instr[30] ; o_alu_op[1] ;       ; 4.203 ; 4.203 ;       ;
; i_instr[30] ; o_alu_op[2] ; 4.649 ; 4.306 ; 4.306 ; 4.649 ;
; i_instr[30] ; o_alu_op[3] ; 4.120 ;       ;       ; 4.120 ;
; i_instr[30] ; o_insn_vld  ; 4.019 ; 3.931 ; 3.931 ; 4.019 ;
; i_instr[30] ; o_pc_wren   ; 4.182 ; 4.094 ; 4.094 ; 4.182 ;
; i_instr[31] ; o_alu_op[0] ;       ; 7.169 ; 7.169 ;       ;
; i_instr[31] ; o_alu_op[1] ;       ; 6.883 ; 6.883 ;       ;
; i_instr[31] ; o_alu_op[2] ;       ; 6.986 ; 6.986 ;       ;
; i_instr[31] ; o_alu_op[3] ;       ; 6.774 ; 6.774 ;       ;
; i_instr[31] ; o_insn_vld  ;       ; 6.611 ; 6.611 ;       ;
; i_instr[31] ; o_pc_wren   ;       ; 6.774 ; 6.774 ;       ;
+-------------+-------------+-------+-------+-------+-------+


-------------------
; Clock Transfers ;
-------------------
Nothing to report.


---------------
; Report TCCS ;
---------------
No dedicated SERDES Transmitter circuitry present in device or used in design


---------------
; Report RSKM ;
---------------
No dedicated SERDES Receiver circuitry present in device or used in design


+------------------------------------------------+
; Unconstrained Paths                            ;
+---------------------------------+-------+------+
; Property                        ; Setup ; Hold ;
+---------------------------------+-------+------+
; Illegal Clocks                  ; 0     ; 0    ;
; Unconstrained Clocks            ; 0     ; 0    ;
; Unconstrained Input Ports       ; 19    ; 19   ;
; Unconstrained Input Port Paths  ; 163   ; 163  ;
; Unconstrained Output Ports      ; 14    ; 14   ;
; Unconstrained Output Port Paths ; 163   ; 163  ;
+---------------------------------+-------+------+


+------------------------------------+
; TimeQuest Timing Analyzer Messages ;
+------------------------------------+
Info: *******************************************************************
Info: Running Quartus II 64-Bit TimeQuest Timing Analyzer
    Info: Version 13.0.1 Build 232 06/12/2013 Service Pack 1 SJ Web Edition
    Info: Processing started: Thu Nov 07 16:30:48 2024
Info: Command: quartus_sta ctrlu -c ctrlu
Info: qsta_default_script.tcl version: #1
Warning (20028): Parallel compilation is not licensed and has been disabled
Critical Warning (332012): Synopsys Design Constraints File file not found: 'ctrlu.sdc'. A Synopsys Design Constraints File is required by the TimeQuest Timing Analyzer to get proper timing constraints. Without it, the Compiler will not properly optimize the design.
Info (332142): No user constrained base clocks found in the design. Calling "derive_clocks -period 1.0"
Info (332096): The command derive_clocks did not find any clocks to derive.  No clocks were created or changed.
Warning (332068): No clocks defined in design.
Info: Found TIMEQUEST_REPORT_SCRIPT_INCLUDE_DEFAULT_ANALYSIS = ON
Info (332159): No clocks to report
Info: Analyzing Slow Model
Info (332140): No fmax paths to report
Info (332140): No Setup paths to report
Info (332140): No Hold paths to report
Info (332140): No Recovery paths to report
Info (332140): No Removal paths to report
Info (332140): No Minimum Pulse Width paths to report
Info (332001): The selected device family is not supported by the report_metastability command.
Info: Analyzing Fast Model
Info (332142): No user constrained base clocks found in the design. Calling "derive_clocks -period 1.0"
Info (332096): The command derive_clocks did not find any clocks to derive.  No clocks were created or changed.
Warning (332068): No clocks defined in design.
Info (332140): No Setup paths to report
Info (332140): No Hold paths to report
Info (332140): No Recovery paths to report
Info (332140): No Removal paths to report
Info (332140): No Minimum Pulse Width paths to report
Info (332001): The selected device family is not supported by the report_metastability command.
Info (332102): Design is not fully constrained for setup requirements
Info (332102): Design is not fully constrained for hold requirements
Info: Quartus II 64-Bit TimeQuest Timing Analyzer was successful. 0 errors, 4 warnings
    Info: Peak virtual memory: 4535 megabytes
    Info: Processing ended: Thu Nov 07 16:30:49 2024
    Info: Elapsed time: 00:00:01
    Info: Total CPU time (on all processors): 00:00:00


